Feb  1 13:37:39 winbox kernel: imklog 5.8.11, log source = /proc/kmsg started.
Feb  1 13:37:39 winbox rsyslogd: [origin software="rsyslogd" swVersion="5.8.11" x-pid="1977" x-info="http://www.rsyslog.com"] start
Feb  1 13:37:39 winbox kernel: [    0.000000] Initializing cgroup subsys cpuset
Feb  1 13:37:39 winbox kernel: [    0.000000] Initializing cgroup subsys cpu
Feb  1 13:37:39 winbox kernel: [    0.000000] Linux version 3.2.0-4-686-pae (debian-kernel@lists.debian.org) (gcc version 4.6.3 (Debian 4.6.3-14) ) #1 SMP Debian 3.2.51-1
Feb  1 13:37:39 winbox kernel: [    0.000000] BIOS-provided physical RAM map:
Feb  1 13:37:39 winbox kernel: [    0.000000]  BIOS-e820: 0000000000000000 - 000000000009d800 (usable)
Feb  1 13:37:39 winbox kernel: [    0.000000]  BIOS-e820: 000000000009d800 - 00000000000a0000 (reserved)
Feb  1 13:37:39 winbox kernel: [    0.000000]  BIOS-e820: 00000000000e0000 - 0000000000100000 (reserved)
Feb  1 13:37:39 winbox kernel: [    0.000000]  BIOS-e820: 0000000000100000 - 00000000dda70000 (usable)
Feb  1 13:37:39 winbox kernel: [    0.000000]  BIOS-e820: 00000000dda70000 - 00000000de17b000 (reserved)
Feb  1 13:37:39 winbox kernel: [    0.000000]  BIOS-e820: 00000000de17b000 - 00000000de18b000 (ACPI data)
Feb  1 13:37:39 winbox kernel: [    0.000000]  BIOS-e820: 00000000de18b000 - 00000000de2ab000 (ACPI NVS)
Feb  1 13:37:39 winbox kernel: [    0.000000]  BIOS-e820: 00000000de2ab000 - 00000000de847000 (reserved)
Feb  1 13:37:39 winbox kernel: [    0.000000]  BIOS-e820: 00000000de847000 - 00000000de848000 (usable)
Feb  1 13:37:39 winbox kernel: [    0.000000]  BIOS-e820: 00000000de848000 - 00000000de88b000 (ACPI NVS)
Feb  1 13:37:39 winbox kernel: [    0.000000]  BIOS-e820: 00000000de88b000 - 00000000deca6000 (usable)
Feb  1 13:37:39 winbox kernel: [    0.000000]  BIOS-e820: 00000000deca6000 - 00000000deff4000 (reserved)
Feb  1 13:37:39 winbox kernel: [    0.000000]  BIOS-e820: 00000000deff4000 - 00000000df000000 (usable)
Feb  1 13:37:39 winbox kernel: [    0.000000]  BIOS-e820: 00000000f8000000 - 00000000fc000000 (reserved)
Feb  1 13:37:39 winbox kernel: [    0.000000]  BIOS-e820: 00000000fec00000 - 00000000fec01000 (reserved)
Feb  1 13:37:39 winbox kernel: [    0.000000]  BIOS-e820: 00000000fed00000 - 00000000fed04000 (reserved)
Feb  1 13:37:39 winbox kernel: [    0.000000]  BIOS-e820: 00000000fed1c000 - 00000000fed20000 (reserved)
Feb  1 13:37:39 winbox kernel: [    0.000000]  BIOS-e820: 00000000fee00000 - 00000000fee01000 (reserved)
Feb  1 13:37:39 winbox kernel: [    0.000000]  BIOS-e820: 00000000ff000000 - 0000000100000000 (reserved)
Feb  1 13:37:39 winbox kernel: [    0.000000]  BIOS-e820: 0000000100000000 - 000000021f000000 (usable)
Feb  1 13:37:39 winbox kernel: [    0.000000] NX (Execute Disable) protection: active
Feb  1 13:37:39 winbox kernel: [    0.000000] SMBIOS 2.7 present.
Feb  1 13:37:39 winbox kernel: [    0.000000] DMI: System manufacturer System Product Name/P8H77-I, BIOS 0809 08/01/2012
Feb  1 13:37:39 winbox kernel: [    0.000000] e820 update range: 0000000000000000 - 0000000000010000 (usable) ==> (reserved)
Feb  1 13:37:39 winbox kernel: [    0.000000] e820 remove range: 00000000000a0000 - 0000000000100000 (usable)
Feb  1 13:37:39 winbox kernel: [    0.000000] last_pfn = 0x21f000 max_arch_pfn = 0x1000000
Feb  1 13:37:39 winbox kernel: [    0.000000] MTRR default type: uncachable
Feb  1 13:37:39 winbox kernel: [    0.000000] MTRR fixed ranges enabled:
Feb  1 13:37:39 winbox kernel: [    0.000000]   00000-9FFFF write-back
Feb  1 13:37:39 winbox kernel: [    0.000000]   A0000-BFFFF uncachable
Feb  1 13:37:39 winbox kernel: [    0.000000]   C0000-CFFFF write-protect
Feb  1 13:37:39 winbox kernel: [    0.000000]   D0000-E7FFF uncachable
Feb  1 13:37:39 winbox kernel: [    0.000000]   E8000-FFFFF write-protect
Feb  1 13:37:39 winbox kernel: [    0.000000] MTRR variable ranges enabled:
Feb  1 13:37:39 winbox kernel: [    0.000000]   0 base 000000000 mask E00000000 write-back
Feb  1 13:37:39 winbox kernel: [    0.000000]   1 base 200000000 mask FF0000000 write-back
Feb  1 13:37:39 winbox kernel: [    0.000000]   2 base 210000000 mask FF8000000 write-back
Feb  1 13:37:39 winbox kernel: [    0.000000]   3 base 218000000 mask FFC000000 write-back
Feb  1 13:37:39 winbox kernel: [    0.000000]   4 base 21C000000 mask FFE000000 write-back
Feb  1 13:37:39 winbox kernel: [    0.000000]   5 base 21E000000 mask FFF000000 write-back
Feb  1 13:37:39 winbox kernel: [    0.000000]   6 base 0E0000000 mask FE0000000 uncachable
Feb  1 13:37:39 winbox kernel: [    0.000000]   7 disabled
Feb  1 13:37:39 winbox kernel: [    0.000000]   8 disabled
Feb  1 13:37:39 winbox kernel: [    0.000000]   9 disabled
Feb  1 13:37:39 winbox kernel: [    0.000000] x86 PAT enabled: cpu 0, old 0x7040600070406, new 0x7010600070106
Feb  1 13:37:39 winbox kernel: [    0.000000] e820 update range: 00000000e0000000 - 0000000100000000 (usable) ==> (reserved)
Feb  1 13:37:39 winbox kernel: [    0.000000] found SMP MP-table at [c00fd740] fd740
Feb  1 13:37:39 winbox kernel: [    0.000000] initial memory mapped : 0 - 01a00000
Feb  1 13:37:39 winbox kernel: [    0.000000] Base memory trampoline at [c0099000] 99000 size 16384
Feb  1 13:37:39 winbox kernel: [    0.000000] init_memory_mapping: 0000000000000000-00000000379fe000
Feb  1 13:37:39 winbox kernel: [    0.000000]  0000000000 - 0000200000 page 4k
Feb  1 13:37:39 winbox kernel: [    0.000000]  0000200000 - 0037800000 page 2M
Feb  1 13:37:39 winbox kernel: [    0.000000]  0037800000 - 00379fe000 page 4k
Feb  1 13:37:39 winbox kernel: [    0.000000] kernel direct mapping tables up to 379fe000 @ 19f9000-1a00000
Feb  1 13:37:39 winbox kernel: [    0.000000] RAMDISK: 36d18000 - 37684000
Feb  1 13:37:39 winbox kernel: [    0.000000] ACPI: RSDP 000f0490 00024 (v02 ALASKA)
Feb  1 13:37:39 winbox kernel: [    0.000000] ACPI: XSDT de17f078 0006C (v01 ALASKA    A M I 01072009 AMI  00010013)
Feb  1 13:37:39 winbox kernel: [    0.000000] ACPI: FACP de189470 0010C (v05 ALASKA    A M I 01072009 AMI  00010013)
Feb  1 13:37:39 winbox kernel: [    0.000000] ACPI Warning: FADT (revision 5) is longer than ACPI 2.0 version, truncating length 268 to 244 (20110623/tbfadt-288)
Feb  1 13:37:39 winbox kernel: [    0.000000] ACPI: DSDT de17f180 0A2F0 (v02 ALASKA    A M I 00000021 INTL 20051117)
Feb  1 13:37:39 winbox kernel: [    0.000000] ACPI: FACS de2a9080 00040
Feb  1 13:37:39 winbox kernel: [    0.000000] ACPI: APIC de189580 00072 (v03 ALASKA    A M I 01072009 AMI  00010013)
Feb  1 13:37:39 winbox kernel: [    0.000000] ACPI: FPDT de1895f8 00044 (v01 ALASKA    A M I 01072009 AMI  00010013)
Feb  1 13:37:39 winbox kernel: [    0.000000] ACPI: MCFG de189640 0003C (v01 ALASKA    A M I 01072009 MSFT 00000097)
Feb  1 13:37:39 winbox kernel: [    0.000000] ACPI: HPET de189680 00038 (v01 ALASKA    A M I 01072009 AMI. 00000005)
Feb  1 13:37:39 winbox kernel: [    0.000000] ACPI: SSDT de1896b8 0036D (v01 SataRe SataTabl 00001000 INTL 20091112)
Feb  1 13:37:39 winbox kernel: [    0.000000] ACPI: SSDT de189a28 009AA (v01  PmRef  Cpu0Ist 00003000 INTL 20051117)
Feb  1 13:37:39 winbox kernel: [    0.000000] ACPI: SSDT de18a3d8 00A92 (v01  PmRef    CpuPm 00003000 INTL 20051117)
Feb  1 13:37:39 winbox kernel: [    0.000000] ACPI: BGRT de18aec8 00038 (v00 ALASKA    A M I 01072009 AMI  00010013)
Feb  1 13:37:39 winbox kernel: [    0.000000] ACPI: Local APIC address 0xfee00000
Feb  1 13:37:39 winbox kernel: [    0.000000] 7798MB HIGHMEM available.
Feb  1 13:37:39 winbox kernel: [    0.000000] 889MB LOWMEM available.
Feb  1 13:37:39 winbox kernel: [    0.000000]   mapped low ram: 0 - 379fe000
Feb  1 13:37:39 winbox kernel: [    0.000000]   low ram: 0 - 379fe000
Feb  1 13:37:39 winbox kernel: [    0.000000] Zone PFN ranges:
Feb  1 13:37:39 winbox kernel: [    0.000000]   DMA      0x00000010 -> 0x00001000
Feb  1 13:37:39 winbox kernel: [    0.000000]   Normal   0x00001000 -> 0x000379fe
Feb  1 13:37:39 winbox kernel: [    0.000000]   HighMem  0x000379fe -> 0x0021f000
Feb  1 13:37:39 winbox kernel: [    0.000000] Movable zone start PFN for each node
Feb  1 13:37:39 winbox kernel: [    0.000000] early_node_map[6] active PFN ranges
Feb  1 13:37:39 winbox kernel: [    0.000000]     0: 0x00000010 -> 0x0000009d
Feb  1 13:37:39 winbox kernel: [    0.000000]     0: 0x00000100 -> 0x000dda70
Feb  1 13:37:39 winbox kernel: [    0.000000]     0: 0x000de847 -> 0x000de848
Feb  1 13:37:39 winbox kernel: [    0.000000]     0: 0x000de88b -> 0x000deca6
Feb  1 13:37:39 winbox kernel: [    0.000000]     0: 0x000deff4 -> 0x000df000
Feb  1 13:37:39 winbox kernel: [    0.000000]     0: 0x00100000 -> 0x0021f000
Feb  1 13:37:39 winbox kernel: [    0.000000] On node 0 totalpages: 2084389
Feb  1 13:37:39 winbox kernel: [    0.000000] free_area_init_node: node 0, pgdat c1412740, node_mem_map f2938200
Feb  1 13:37:39 winbox kernel: [    0.000000]   DMA zone: 32 pages used for memmap
Feb  1 13:37:39 winbox kernel: [    0.000000]   DMA zone: 0 pages reserved
Feb  1 13:37:39 winbox kernel: [    0.000000]   DMA zone: 3949 pages, LIFO batch:0
Feb  1 13:37:39 winbox kernel: [    0.000000]   Normal zone: 1748 pages used for memmap
Feb  1 13:37:39 winbox kernel: [    0.000000]   Normal zone: 221994 pages, LIFO batch:31
Feb  1 13:37:39 winbox kernel: [    0.000000]   HighMem zone: 15597 pages used for memmap
Feb  1 13:37:39 winbox kernel: [    0.000000]   HighMem zone: 1841069 pages, LIFO batch:31
Feb  1 13:37:39 winbox kernel: [    0.000000] Using APIC driver default
Feb  1 13:37:39 winbox kernel: [    0.000000] ACPI: PM-Timer IO Port: 0x408
Feb  1 13:37:39 winbox kernel: [    0.000000] ACPI: Local APIC address 0xfee00000
Feb  1 13:37:39 winbox kernel: [    0.000000] ACPI: LAPIC (acpi_id[0x01] lapic_id[0x00] enabled)
Feb  1 13:37:39 winbox kernel: [    0.000000] ACPI: LAPIC (acpi_id[0x02] lapic_id[0x02] enabled)
Feb  1 13:37:39 winbox kernel: [    0.000000] ACPI: LAPIC (acpi_id[0x03] lapic_id[0x04] enabled)
Feb  1 13:37:39 winbox kernel: [    0.000000] ACPI: LAPIC (acpi_id[0x04] lapic_id[0x06] enabled)
Feb  1 13:37:39 winbox kernel: [    0.000000] ACPI: LAPIC_NMI (acpi_id[0xff] high edge lint[0x1])
Feb  1 13:37:39 winbox kernel: [    0.000000] ACPI: IOAPIC (id[0x02] address[0xfec00000] gsi_base[0])
Feb  1 13:37:39 winbox kernel: [    0.000000] IOAPIC[0]: apic_id 2, version 32, address 0xfec00000, GSI 0-23
Feb  1 13:37:39 winbox kernel: [    0.000000] ACPI: INT_SRC_OVR (bus 0 bus_irq 0 global_irq 2 dfl dfl)
Feb  1 13:37:39 winbox kernel: [    0.000000] ACPI: INT_SRC_OVR (bus 0 bus_irq 9 global_irq 9 high level)
Feb  1 13:37:39 winbox kernel: [    0.000000] ACPI: IRQ0 used by override.
Feb  1 13:37:39 winbox kernel: [    0.000000] ACPI: IRQ2 used by override.
Feb  1 13:37:39 winbox kernel: [    0.000000] ACPI: IRQ9 used by override.
Feb  1 13:37:39 winbox kernel: [    0.000000] Using ACPI (MADT) for SMP configuration information
Feb  1 13:37:39 winbox kernel: [    0.000000] ACPI: HPET id: 0x8086a701 base: 0xfed00000
Feb  1 13:37:39 winbox kernel: [    0.000000] SMP: Allowing 4 CPUs, 0 hotplug CPUs
Feb  1 13:37:39 winbox kernel: [    0.000000] nr_irqs_gsi: 40
Feb  1 13:37:39 winbox kernel: [    0.000000] PM: Registered nosave memory: 000000000009d000 - 000000000009e000
Feb  1 13:37:39 winbox kernel: [    0.000000] PM: Registered nosave memory: 000000000009e000 - 00000000000a0000
Feb  1 13:37:39 winbox kernel: [    0.000000] PM: Registered nosave memory: 00000000000a0000 - 00000000000e0000
Feb  1 13:37:39 winbox kernel: [    0.000000] PM: Registered nosave memory: 00000000000e0000 - 0000000000100000
Feb  1 13:37:39 winbox kernel: [    0.000000] Allocating PCI resources starting at df000000 (gap: df000000:19000000)
Feb  1 13:37:39 winbox kernel: [    0.000000] Booting paravirtualized kernel on bare hardware
Feb  1 13:37:39 winbox kernel: [    0.000000] setup_percpu: NR_CPUS:32 nr_cpumask_bits:32 nr_cpu_ids:4 nr_node_ids:1
Feb  1 13:37:39 winbox kernel: [    0.000000] PERCPU: Embedded 14 pages/cpu @f79b2000 s33280 r0 d24064 u57344
Feb  1 13:37:39 winbox kernel: [    0.000000] pcpu-alloc: s33280 r0 d24064 u57344 alloc=14*4096
Feb  1 13:37:39 winbox kernel: [    0.000000] pcpu-alloc: [0] 0 [0] 1 [0] 2 [0] 3 
Feb  1 13:37:39 winbox kernel: [    0.000000] Built 1 zonelists in Zone order, mobility grouping on.  Total pages: 2067012
Feb  1 13:37:39 winbox kernel: [    0.000000] Kernel command line: BOOT_IMAGE=/boot/vmlinuz-3.2.0-4-686-pae root=UUID=e737dd9f-88c0-4545-906d-9def2a3637be ro quiet
Feb  1 13:37:39 winbox kernel: [    0.000000] PID hash table entries: 4096 (order: 2, 16384 bytes)
Feb  1 13:37:39 winbox kernel: [    0.000000] Dentry cache hash table entries: 131072 (order: 7, 524288 bytes)
Feb  1 13:37:39 winbox kernel: [    0.000000] Inode-cache hash table entries: 65536 (order: 6, 262144 bytes)
Feb  1 13:37:39 winbox kernel: [    0.000000] Initializing CPU#0
Feb  1 13:37:39 winbox kernel: [    0.000000] xsave/xrstor: enabled xstate_bv 0x7, cntxt size 0x340
Feb  1 13:37:39 winbox kernel: [    0.000000] Initializing HighMem for node 0 (000379fe:0021f000)
Feb  1 13:37:39 winbox kernel: [    0.000000] Memory: 8252072k/8896512k available (2852k kernel code, 85484k reserved, 1347k data, 416k init, 7426664k highmem)
Feb  1 13:37:39 winbox kernel: [    0.000000] virtual kernel memory layout:
Feb  1 13:37:39 winbox kernel: [    0.000000]     fixmap  : 0xffd36000 - 0xfffff000   (2852 kB)
Feb  1 13:37:39 winbox kernel: [    0.000000]     pkmap   : 0xffa00000 - 0xffc00000   (2048 kB)
Feb  1 13:37:39 winbox kernel: [    0.000000]     vmalloc : 0xf81fe000 - 0xff9fe000   ( 120 MB)
Feb  1 13:37:39 winbox kernel: [    0.000000]     lowmem  : 0xc0000000 - 0xf79fe000   ( 889 MB)
Feb  1 13:37:39 winbox kernel: [    0.000000]       .init : 0xc141b000 - 0xc1483000   ( 416 kB)
Feb  1 13:37:39 winbox kernel: [    0.000000]       .data : 0xc12c93c0 - 0xc141a100   (1347 kB)
Feb  1 13:37:39 winbox kernel: [    0.000000]       .text : 0xc1000000 - 0xc12c93c0   (2852 kB)
Feb  1 13:37:39 winbox kernel: [    0.000000] Checking if this processor honours the WP bit even in supervisor mode...Ok.
Feb  1 13:37:39 winbox kernel: [    0.000000] Hierarchical RCU implementation.
Feb  1 13:37:39 winbox kernel: [    0.000000] 	RCU dyntick-idle grace-period acceleration is enabled.
Feb  1 13:37:39 winbox kernel: [    0.000000] NR_IRQS:2304 nr_irqs:712 16
Feb  1 13:37:39 winbox kernel: [    0.000000] CPU 0 irqstacks, hard=f2406000 soft=f2408000
Feb  1 13:37:39 winbox kernel: [    0.000000] Extended CMOS year: 2000
Feb  1 13:37:39 winbox kernel: [    0.000000] Console: colour VGA+ 80x25
Feb  1 13:37:39 winbox kernel: [    0.000000] console [tty0] enabled
Feb  1 13:37:39 winbox kernel: [    0.000000] hpet clockevent registered
Feb  1 13:37:39 winbox kernel: [    0.000000] Fast TSC calibration using PIT
Feb  1 13:37:39 winbox kernel: [    0.004000] Detected 3399.546 MHz processor.
Feb  1 13:37:39 winbox kernel: [    0.000001] Calibrating delay loop (skipped), value calculated using timer frequency.. 6799.09 BogoMIPS (lpj=13598184)
Feb  1 13:37:39 winbox kernel: [    0.000003] pid_max: default: 32768 minimum: 301
Feb  1 13:37:39 winbox kernel: [    0.000018] Security Framework initialized
Feb  1 13:37:39 winbox kernel: [    0.000021] AppArmor: AppArmor disabled by boot time parameter
Feb  1 13:37:39 winbox kernel: [    0.000029] Mount-cache hash table entries: 512
Feb  1 13:37:39 winbox kernel: [    0.000079] Initializing cgroup subsys cpuacct
Feb  1 13:37:39 winbox kernel: [    0.000082] Initializing cgroup subsys memory
Feb  1 13:37:39 winbox kernel: [    0.000085] Initializing cgroup subsys devices
Feb  1 13:37:39 winbox kernel: [    0.000087] Initializing cgroup subsys freezer
Feb  1 13:37:39 winbox kernel: [    0.000088] Initializing cgroup subsys net_cls
Feb  1 13:37:39 winbox kernel: [    0.000089] Initializing cgroup subsys blkio
Feb  1 13:37:39 winbox kernel: [    0.000091] Initializing cgroup subsys perf_event
Feb  1 13:37:39 winbox kernel: [    0.000108] CPU: Physical Processor ID: 0
Feb  1 13:37:39 winbox kernel: [    0.000108] CPU: Processor Core ID: 0
Feb  1 13:37:39 winbox kernel: [    0.000112] ENERGY_PERF_BIAS: Set to 'normal', was 'performance'
Feb  1 13:37:39 winbox kernel: [    0.000112] ENERGY_PERF_BIAS: View and update with x86_energy_perf_policy(8)
Feb  1 13:37:39 winbox kernel: [    0.000639] mce: CPU supports 9 MCE banks
Feb  1 13:37:39 winbox kernel: [    0.000648] CPU0: Thermal monitoring enabled (TM1)
Feb  1 13:37:39 winbox kernel: [    0.000654] using mwait in idle threads.
Feb  1 13:37:39 winbox kernel: [    0.000930] ACPI: Core revision 20110623
Feb  1 13:37:39 winbox kernel: [    0.006020] Enabling APIC mode:  Flat.  Using 1 I/O APICs
Feb  1 13:37:39 winbox kernel: [    0.006398] ..TIMER: vector=0x30 apic1=0 pin1=2 apic2=-1 pin2=-1
Feb  1 13:37:39 winbox kernel: [    0.046053] CPU0: Intel(R) Core(TM) i5-3570K CPU @ 3.40GHz stepping 09
Feb  1 13:37:39 winbox kernel: [    0.152300] Performance Events: PEBS fmt1+, generic architected perfmon, Intel PMU driver.
Feb  1 13:37:39 winbox kernel: [    0.152305] ... version:                3
Feb  1 13:37:39 winbox kernel: [    0.152306] ... bit width:              48
Feb  1 13:37:39 winbox kernel: [    0.152307] ... generic registers:      8
Feb  1 13:37:39 winbox kernel: [    0.152308] ... value mask:             0000ffffffffffff
Feb  1 13:37:39 winbox kernel: [    0.152309] ... max period:             000000007fffffff
Feb  1 13:37:39 winbox kernel: [    0.152310] ... fixed-purpose events:   3
Feb  1 13:37:39 winbox kernel: [    0.152311] ... event mask:             00000007000000ff
Feb  1 13:37:39 winbox kernel: [    0.152378] NMI watchdog enabled, takes one hw-pmu counter.
Feb  1 13:37:39 winbox kernel: [    0.152429] CPU 1 irqstacks, hard=f24f2000 soft=f24f4000
Feb  1 13:37:39 winbox kernel: [    0.152431] Booting Node   0, Processors  #1
Feb  1 13:37:39 winbox kernel: [    0.152432] smpboot cpu 1: start_ip = 99000
Feb  1 13:37:39 winbox kernel: [    0.162778] Initializing CPU#1
Feb  1 13:37:39 winbox kernel: [    0.260871] NMI watchdog enabled, takes one hw-pmu counter.
Feb  1 13:37:39 winbox kernel: [    0.260926] CPU 2 irqstacks, hard=f2504000 soft=f2506000
Feb  1 13:37:39 winbox kernel: [    0.260927]  #2
Feb  1 13:37:39 winbox kernel: [    0.260928] smpboot cpu 2: start_ip = 99000
Feb  1 13:37:39 winbox kernel: [    0.271132] Initializing CPU#2
Feb  1 13:37:39 winbox kernel: [    0.368766] NMI watchdog enabled, takes one hw-pmu counter.
Feb  1 13:37:39 winbox kernel: [    0.368821] CPU 3 irqstacks, hard=f2536000 soft=f2538000
Feb  1 13:37:39 winbox kernel: [    0.368822]  #3 Ok.
Feb  1 13:37:39 winbox kernel: [    0.368823] smpboot cpu 3: start_ip = 99000
Feb  1 13:37:39 winbox kernel: [    0.379027] Initializing CPU#3
Feb  1 13:37:39 winbox kernel: [    0.476761] NMI watchdog enabled, takes one hw-pmu counter.
Feb  1 13:37:39 winbox kernel: [    0.476779] Brought up 4 CPUs
Feb  1 13:37:39 winbox kernel: [    0.476780] Total of 4 processors activated (27198.42 BogoMIPS).
Feb  1 13:37:39 winbox kernel: [    0.479262] devtmpfs: initialized
Feb  1 13:37:39 winbox kernel: [    0.479344] PM: Registering ACPI NVS region at de18b000 (1179648 bytes)
Feb  1 13:37:39 winbox kernel: [    0.479357] PM: Registering ACPI NVS region at de848000 (274432 bytes)
Feb  1 13:37:39 winbox kernel: [    0.479444] print_constraints: dummy: 
Feb  1 13:37:39 winbox kernel: [    0.479472] NET: Registered protocol family 16
Feb  1 13:37:39 winbox kernel: [    0.479518] ACPI FADT declares the system doesn't support PCIe ASPM, so disable it
Feb  1 13:37:39 winbox kernel: [    0.479519] ACPI: bus type pci registered
Feb  1 13:37:39 winbox kernel: [    0.479553] PCI: MMCONFIG for domain 0000 [bus 00-3f] at [mem 0xf8000000-0xfbffffff] (base 0xf8000000)
Feb  1 13:37:39 winbox kernel: [    0.479556] PCI: MMCONFIG at [mem 0xf8000000-0xfbffffff] reserved in E820
Feb  1 13:37:39 winbox kernel: [    0.479557] PCI: Using MMCONFIG for extended config space
Feb  1 13:37:39 winbox kernel: [    0.479558] PCI: Using configuration type 1 for base access
Feb  1 13:37:39 winbox kernel: [    0.479903] bio: create slab <bio-0> at 0
Feb  1 13:37:39 winbox kernel: [    0.479943] ACPI: Added _OSI(Module Device)
Feb  1 13:37:39 winbox kernel: [    0.479944] ACPI: Added _OSI(Processor Device)
Feb  1 13:37:39 winbox kernel: [    0.479946] ACPI: Added _OSI(3.0 _SCP Extensions)
Feb  1 13:37:39 winbox kernel: [    0.479947] ACPI: Added _OSI(Processor Aggregator Device)
Feb  1 13:37:39 winbox kernel: [    0.480816] ACPI: EC: Look up EC in DSDT
Feb  1 13:37:39 winbox kernel: [    0.481788] ACPI: Executed 1 blocks of module-level executable AML code
Feb  1 13:37:39 winbox kernel: [    0.496356] ACPI: SSDT de128018 0083B (v01  PmRef  Cpu0Cst 00003001 INTL 20051117)
Feb  1 13:37:39 winbox kernel: [    0.496571] ACPI: Dynamic OEM Table Load:
Feb  1 13:37:39 winbox kernel: [    0.496573] ACPI: SSDT   (null) 0083B (v01  PmRef  Cpu0Cst 00003001 INTL 20051117)
Feb  1 13:37:39 winbox kernel: [    0.508249] ACPI: SSDT de129a98 00303 (v01  PmRef    ApIst 00003000 INTL 20051117)
Feb  1 13:37:39 winbox kernel: [    0.508480] ACPI: Dynamic OEM Table Load:
Feb  1 13:37:39 winbox kernel: [    0.508482] ACPI: SSDT   (null) 00303 (v01  PmRef    ApIst 00003000 INTL 20051117)
Feb  1 13:37:39 winbox kernel: [    0.520160] ACPI: SSDT de12ac18 00119 (v01  PmRef    ApCst 00003000 INTL 20051117)
Feb  1 13:37:39 winbox kernel: [    0.520368] ACPI: Dynamic OEM Table Load:
Feb  1 13:37:39 winbox kernel: [    0.520370] ACPI: SSDT   (null) 00119 (v01  PmRef    ApCst 00003000 INTL 20051117)
Feb  1 13:37:39 winbox kernel: [    0.532475] ACPI: Interpreter enabled
Feb  1 13:37:39 winbox kernel: [    0.532483] ACPI: (supports S0 S3 S4 S5)
Feb  1 13:37:39 winbox kernel: [    0.532496] ACPI: Using IOAPIC for interrupt routing
Feb  1 13:37:39 winbox kernel: [    0.535447] ACPI: Power Resource [FN00] (off)
Feb  1 13:37:39 winbox kernel: [    0.535494] ACPI: Power Resource [FN01] (off)
Feb  1 13:37:39 winbox kernel: [    0.535538] ACPI: Power Resource [FN02] (off)
Feb  1 13:37:39 winbox kernel: [    0.535582] ACPI: Power Resource [FN03] (off)
Feb  1 13:37:39 winbox kernel: [    0.535626] ACPI: Power Resource [FN04] (off)
Feb  1 13:37:39 winbox kernel: [    0.535910] ACPI: No dock devices found.
Feb  1 13:37:39 winbox kernel: [    0.535911] HEST: Table not found.
Feb  1 13:37:39 winbox kernel: [    0.535914] PCI: Using host bridge windows from ACPI; if necessary, use "pci=nocrs" and report a bug
Feb  1 13:37:39 winbox kernel: [    0.536107] ACPI: PCI Root Bridge [PCI0] (domain 0000 [bus 00-3e])
Feb  1 13:37:39 winbox kernel: [    0.536384] pci_root PNP0A08:00: host bridge window [io  0x0000-0x0cf7]
Feb  1 13:37:39 winbox kernel: [    0.536386] pci_root PNP0A08:00: host bridge window [io  0x0d00-0xffff]
Feb  1 13:37:39 winbox kernel: [    0.536387] pci_root PNP0A08:00: host bridge window [mem 0x000a0000-0x000bffff]
Feb  1 13:37:39 winbox kernel: [    0.536389] pci_root PNP0A08:00: host bridge window [mem 0x000d0000-0x000d3fff]
Feb  1 13:37:39 winbox kernel: [    0.536390] pci_root PNP0A08:00: host bridge window [mem 0x000d4000-0x000d7fff]
Feb  1 13:37:39 winbox kernel: [    0.536391] pci_root PNP0A08:00: host bridge window [mem 0x000d8000-0x000dbfff]
Feb  1 13:37:39 winbox kernel: [    0.536393] pci_root PNP0A08:00: host bridge window [mem 0x000dc000-0x000dffff]
Feb  1 13:37:39 winbox kernel: [    0.536394] pci_root PNP0A08:00: host bridge window [mem 0x000e0000-0x000e3fff]
Feb  1 13:37:39 winbox kernel: [    0.536395] pci_root PNP0A08:00: host bridge window [mem 0x000e4000-0x000e7fff]
Feb  1 13:37:39 winbox kernel: [    0.536397] pci_root PNP0A08:00: host bridge window [mem 0xe0000000-0xfeafffff]
Feb  1 13:37:39 winbox kernel: [    0.536405] pci 0000:00:00.0: [8086:0150] type 0 class 0x000600
Feb  1 13:37:39 winbox kernel: [    0.536431] pci 0000:00:01.0: [8086:0151] type 1 class 0x000604
Feb  1 13:37:39 winbox kernel: [    0.536453] pci 0000:00:01.0: PME# supported from D0 D3hot D3cold
Feb  1 13:37:39 winbox kernel: [    0.536486] pci 0000:00:14.0: [8086:1e31] type 0 class 0x000c03
Feb  1 13:37:39 winbox kernel: [    0.536506] pci 0000:00:14.0: reg 10: [mem 0xf7100000-0xf710ffff 64bit]
Feb  1 13:37:39 winbox kernel: [    0.536569] pci 0000:00:14.0: PME# supported from D3hot D3cold
Feb  1 13:37:39 winbox kernel: [    0.536588] pci 0000:00:16.0: [8086:1e3a] type 0 class 0x000780
Feb  1 13:37:39 winbox kernel: [    0.536609] pci 0000:00:16.0: reg 10: [mem 0xf711a000-0xf711a00f 64bit]
Feb  1 13:37:39 winbox kernel: [    0.536678] pci 0000:00:16.0: PME# supported from D0 D3hot D3cold
Feb  1 13:37:39 winbox kernel: [    0.536706] pci 0000:00:1a.0: [8086:1e2d] type 0 class 0x000c03
Feb  1 13:37:39 winbox kernel: [    0.536724] pci 0000:00:1a.0: reg 10: [mem 0xf7118000-0xf71183ff]
Feb  1 13:37:39 winbox kernel: [    0.536805] pci 0000:00:1a.0: PME# supported from D0 D3hot D3cold
Feb  1 13:37:39 winbox kernel: [    0.536827] pci 0000:00:1b.0: [8086:1e20] type 0 class 0x000403
Feb  1 13:37:39 winbox kernel: [    0.536840] pci 0000:00:1b.0: reg 10: [mem 0xf7110000-0xf7113fff 64bit]
Feb  1 13:37:39 winbox kernel: [    0.536899] pci 0000:00:1b.0: PME# supported from D0 D3hot D3cold
Feb  1 13:37:39 winbox kernel: [    0.536923] pci 0000:00:1c.0: [8086:1e10] type 1 class 0x000604
Feb  1 13:37:39 winbox kernel: [    0.537050] pci 0000:00:1c.0: PME# supported from D0 D3hot D3cold
Feb  1 13:37:39 winbox kernel: [    0.537083] pci 0000:00:1c.4: [8086:1e18] type 1 class 0x000604
Feb  1 13:37:39 winbox kernel: [    0.537153] pci 0000:00:1c.4: PME# supported from D0 D3hot D3cold
Feb  1 13:37:39 winbox kernel: [    0.537180] pci 0000:00:1d.0: [8086:1e26] type 0 class 0x000c03
Feb  1 13:37:39 winbox kernel: [    0.537199] pci 0000:00:1d.0: reg 10: [mem 0xf7117000-0xf71173ff]
Feb  1 13:37:39 winbox kernel: [    0.537279] pci 0000:00:1d.0: PME# supported from D0 D3hot D3cold
Feb  1 13:37:39 winbox kernel: [    0.537301] pci 0000:00:1f.0: [8086:1e4a] type 0 class 0x000601
Feb  1 13:37:39 winbox kernel: [    0.537412] pci 0000:00:1f.2: [8086:1e02] type 0 class 0x000106
Feb  1 13:37:39 winbox kernel: [    0.537428] pci 0000:00:1f.2: reg 10: [io  0xf070-0xf077]
Feb  1 13:37:39 winbox kernel: [    0.537434] pci 0000:00:1f.2: reg 14: [io  0xf060-0xf063]
Feb  1 13:37:39 winbox kernel: [    0.537440] pci 0000:00:1f.2: reg 18: [io  0xf050-0xf057]
Feb  1 13:37:39 winbox kernel: [    0.537447] pci 0000:00:1f.2: reg 1c: [io  0xf040-0xf043]
Feb  1 13:37:39 winbox kernel: [    0.537453] pci 0000:00:1f.2: reg 20: [io  0xf020-0xf03f]
Feb  1 13:37:39 winbox kernel: [    0.537459] pci 0000:00:1f.2: reg 24: [mem 0xf7116000-0xf71167ff]
Feb  1 13:37:39 winbox kernel: [    0.537497] pci 0000:00:1f.2: PME# supported from D3hot
Feb  1 13:37:39 winbox kernel: [    0.537511] pci 0000:00:1f.3: [8086:1e22] type 0 class 0x000c05
Feb  1 13:37:39 winbox kernel: [    0.537524] pci 0000:00:1f.3: reg 10: [mem 0xf7115000-0xf71150ff 64bit]
Feb  1 13:37:39 winbox kernel: [    0.537542] pci 0000:00:1f.3: reg 20: [io  0xf000-0xf01f]
Feb  1 13:37:39 winbox kernel: [    0.537586] pci 0000:01:00.0: [10de:11c6] type 0 class 0x000300
Feb  1 13:37:39 winbox kernel: [    0.537594] pci 0000:01:00.0: reg 10: [mem 0xf6000000-0xf6ffffff]
Feb  1 13:37:39 winbox kernel: [    0.537602] pci 0000:01:00.0: reg 14: [mem 0xe8000000-0xefffffff 64bit pref]
Feb  1 13:37:39 winbox kernel: [    0.537610] pci 0000:01:00.0: reg 1c: [mem 0xf0000000-0xf1ffffff 64bit pref]
Feb  1 13:37:39 winbox kernel: [    0.537616] pci 0000:01:00.0: reg 24: [io  0xe000-0xe07f]
Feb  1 13:37:39 winbox kernel: [    0.537622] pci 0000:01:00.0: reg 30: [mem 0xf7000000-0xf707ffff pref]
Feb  1 13:37:39 winbox kernel: [    0.537668] pci 0000:01:00.1: [10de:0e0b] type 0 class 0x000403
Feb  1 13:37:39 winbox kernel: [    0.537676] pci 0000:01:00.1: reg 10: [mem 0xf7080000-0xf7083fff]
Feb  1 13:37:39 winbox kernel: [    0.544071] pci 0000:00:01.0: PCI bridge to [bus 01-01]
Feb  1 13:37:39 winbox kernel: [    0.544075] pci 0000:00:01.0:   bridge window [io  0xe000-0xefff]
Feb  1 13:37:39 winbox kernel: [    0.544078] pci 0000:00:01.0:   bridge window [mem 0xf6000000-0xf70fffff]
Feb  1 13:37:39 winbox kernel: [    0.544083] pci 0000:00:01.0:   bridge window [mem 0xe8000000-0xf1ffffff 64bit pref]
Feb  1 13:37:39 winbox kernel: [    0.544163] pci 0000:00:1c.0: PCI bridge to [bus 02-02]
Feb  1 13:37:39 winbox kernel: [    0.544237] pci 0000:03:00.0: [10ec:8168] type 0 class 0x000200
Feb  1 13:37:39 winbox kernel: [    0.544255] pci 0000:03:00.0: reg 10: [io  0xd000-0xd0ff]
Feb  1 13:37:39 winbox kernel: [    0.544287] pci 0000:03:00.0: reg 18: [mem 0xf2104000-0xf2104fff 64bit pref]
Feb  1 13:37:39 winbox kernel: [    0.544307] pci 0000:03:00.0: reg 20: [mem 0xf2100000-0xf2103fff 64bit pref]
Feb  1 13:37:39 winbox kernel: [    0.544394] pci 0000:03:00.0: supports D1 D2
Feb  1 13:37:39 winbox kernel: [    0.544395] pci 0000:03:00.0: PME# supported from D0 D1 D2 D3hot D3cold
Feb  1 13:37:39 winbox kernel: [    0.552068] pci 0000:00:1c.4: PCI bridge to [bus 03-03]
Feb  1 13:37:39 winbox kernel: [    0.552072] pci 0000:00:1c.4:   bridge window [io  0xd000-0xdfff]
Feb  1 13:37:39 winbox kernel: [    0.552082] pci 0000:00:1c.4:   bridge window [mem 0xf2100000-0xf21fffff 64bit pref]
Feb  1 13:37:39 winbox kernel: [    0.552101] pci_bus 0000:00: on NUMA node 0
Feb  1 13:37:39 winbox kernel: [    0.552104] ACPI: PCI Interrupt Routing Table [\_SB_.PCI0._PRT]
Feb  1 13:37:39 winbox kernel: [    0.552211] ACPI: PCI Interrupt Routing Table [\_SB_.PCI0.RP01._PRT]
Feb  1 13:37:39 winbox kernel: [    0.552236] ACPI: PCI Interrupt Routing Table [\_SB_.PCI0.RP05._PRT]
Feb  1 13:37:39 winbox kernel: [    0.552260] ACPI: PCI Interrupt Routing Table [\_SB_.PCI0.PEG0._PRT]
Feb  1 13:37:39 winbox kernel: [    0.552339]  pci0000:00: Requesting ACPI _OSC control (0x1d)
Feb  1 13:37:39 winbox kernel: [    0.552455]  pci0000:00: ACPI _OSC control (0x18) granted
Feb  1 13:37:39 winbox kernel: [    0.554261] ACPI: PCI Interrupt Link [LNKA] (IRQs 3 4 5 6 10 *11 12 14 15)
Feb  1 13:37:39 winbox kernel: [    0.554288] ACPI: PCI Interrupt Link [LNKB] (IRQs 3 4 5 6 *10 11 12 14 15)
Feb  1 13:37:39 winbox kernel: [    0.554314] ACPI: PCI Interrupt Link [LNKC] (IRQs 3 4 5 6 *10 11 12 14 15)
Feb  1 13:37:39 winbox kernel: [    0.554339] ACPI: PCI Interrupt Link [LNKD] (IRQs *3 4 5 6 10 11 12 14 15)
Feb  1 13:37:39 winbox kernel: [    0.554365] ACPI: PCI Interrupt Link [LNKE] (IRQs 3 4 5 6 10 11 12 14 15) *0, disabled.
Feb  1 13:37:39 winbox kernel: [    0.554391] ACPI: PCI Interrupt Link [LNKF] (IRQs 3 4 *5 6 10 11 12 14 15)
Feb  1 13:37:39 winbox kernel: [    0.554416] ACPI: PCI Interrupt Link [LNKG] (IRQs 3 4 5 6 10 *11 12 14 15)
Feb  1 13:37:39 winbox kernel: [    0.554441] ACPI: PCI Interrupt Link [LNKH] (IRQs 3 *4 5 6 10 11 12 14 15)
Feb  1 13:37:39 winbox kernel: [    0.554494] vgaarb: device added: PCI:0000:01:00.0,decodes=io+mem,owns=io+mem,locks=none
Feb  1 13:37:39 winbox kernel: [    0.554496] vgaarb: loaded
Feb  1 13:37:39 winbox kernel: [    0.554496] vgaarb: bridge control possible 0000:01:00.0
Feb  1 13:37:39 winbox kernel: [    0.554515] PCI: Using ACPI for IRQ routing
Feb  1 13:37:39 winbox kernel: [    0.555899] PCI: pci_cache_line_size set to 64 bytes
Feb  1 13:37:39 winbox kernel: [    0.555940] reserve RAM buffer: 000000000009d800 - 000000000009ffff 
Feb  1 13:37:39 winbox kernel: [    0.555941] reserve RAM buffer: 00000000dda70000 - 00000000dfffffff 
Feb  1 13:37:39 winbox kernel: [    0.555943] reserve RAM buffer: 00000000de848000 - 00000000dfffffff 
Feb  1 13:37:39 winbox kernel: [    0.555944] reserve RAM buffer: 00000000deca6000 - 00000000dfffffff 
Feb  1 13:37:39 winbox kernel: [    0.555946] reserve RAM buffer: 00000000df000000 - 00000000dfffffff 
Feb  1 13:37:39 winbox kernel: [    0.555947] reserve RAM buffer: 000000021f000000 - 000000021fffffff 
Feb  1 13:37:39 winbox kernel: [    0.556005] hpet0: at MMIO 0xfed00000, IRQs 2, 8, 0, 0, 0, 0, 0, 0
Feb  1 13:37:39 winbox kernel: [    0.556008] hpet0: 8 comparators, 64-bit 14.318180 MHz counter
Feb  1 13:37:39 winbox kernel: [    0.558020] Switching to clocksource hpet
Feb  1 13:37:39 winbox kernel: [    0.558877] pnp: PnP ACPI init
Feb  1 13:37:39 winbox kernel: [    0.558884] ACPI: bus type pnp registered
Feb  1 13:37:39 winbox kernel: [    0.559028] pnp 00:00: [bus 00-3e]
Feb  1 13:37:39 winbox kernel: [    0.559030] pnp 00:00: [io  0x0000-0x0cf7 window]
Feb  1 13:37:39 winbox kernel: [    0.559031] pnp 00:00: [io  0x0cf8-0x0cff]
Feb  1 13:37:39 winbox kernel: [    0.559032] pnp 00:00: [io  0x0d00-0xffff window]
Feb  1 13:37:39 winbox kernel: [    0.559034] pnp 00:00: [mem 0x000a0000-0x000bffff window]
Feb  1 13:37:39 winbox kernel: [    0.559035] pnp 00:00: [mem 0x000c0000-0x000c3fff window]
Feb  1 13:37:39 winbox kernel: [    0.559036] pnp 00:00: [mem 0x000c4000-0x000c7fff window]
Feb  1 13:37:39 winbox kernel: [    0.559037] pnp 00:00: [mem 0x000c8000-0x000cbfff window]
Feb  1 13:37:39 winbox kernel: [    0.559038] pnp 00:00: [mem 0x000cc000-0x000cffff window]
Feb  1 13:37:39 winbox kernel: [    0.559039] pnp 00:00: [mem 0x000d0000-0x000d3fff window]
Feb  1 13:37:39 winbox kernel: [    0.559041] pnp 00:00: [mem 0x000d4000-0x000d7fff window]
Feb  1 13:37:39 winbox kernel: [    0.559042] pnp 00:00: [mem 0x000d8000-0x000dbfff window]
Feb  1 13:37:39 winbox kernel: [    0.559043] pnp 00:00: [mem 0x000dc000-0x000dffff window]
Feb  1 13:37:39 winbox kernel: [    0.559044] pnp 00:00: [mem 0x000e0000-0x000e3fff window]
Feb  1 13:37:39 winbox kernel: [    0.559045] pnp 00:00: [mem 0x000e4000-0x000e7fff window]
Feb  1 13:37:39 winbox kernel: [    0.559046] pnp 00:00: [mem 0x000e8000-0x000ebfff window]
Feb  1 13:37:39 winbox kernel: [    0.559047] pnp 00:00: [mem 0x000ec000-0x000effff window]
Feb  1 13:37:39 winbox kernel: [    0.559048] pnp 00:00: [mem 0x000f0000-0x000fffff window]
Feb  1 13:37:39 winbox kernel: [    0.559050] pnp 00:00: [mem 0xe0000000-0xfeafffff window]
Feb  1 13:37:39 winbox kernel: [    0.559051] pnp 00:00: [mem 0x00010000-0x0001ffff window]
Feb  1 13:37:39 winbox kernel: [    0.559078] pnp 00:00: Plug and Play ACPI device, IDs PNP0a08 PNP0a03 (active)
Feb  1 13:37:39 winbox kernel: [    0.559091] pnp 00:01: [mem 0xfed40000-0xfed44fff]
Feb  1 13:37:39 winbox kernel: [    0.559111] system 00:01: [mem 0xfed40000-0xfed44fff] has been reserved
Feb  1 13:37:39 winbox kernel: [    0.559112] system 00:01: Plug and Play ACPI device, IDs PNP0c01 (active)
Feb  1 13:37:39 winbox kernel: [    0.559118] pnp 00:02: [io  0x0000-0x001f]
Feb  1 13:37:39 winbox kernel: [    0.559119] pnp 00:02: [io  0x0081-0x0091]
Feb  1 13:37:39 winbox kernel: [    0.559120] pnp 00:02: [io  0x0093-0x009f]
Feb  1 13:37:39 winbox kernel: [    0.559121] pnp 00:02: [io  0x00c0-0x00df]
Feb  1 13:37:39 winbox kernel: [    0.559123] pnp 00:02: [dma 4]
Feb  1 13:37:39 winbox kernel: [    0.559134] pnp 00:02: Plug and Play ACPI device, IDs PNP0200 (active)
Feb  1 13:37:39 winbox kernel: [    0.559138] pnp 00:03: [mem 0xff000000-0xffffffff]
Feb  1 13:37:39 winbox kernel: [    0.559149] pnp 00:03: Plug and Play ACPI device, IDs INT0800 (active)
Feb  1 13:37:39 winbox kernel: [    0.559188] pnp 00:04: [mem 0xfed00000-0xfed003ff]
Feb  1 13:37:39 winbox kernel: [    0.559200] pnp 00:04: Plug and Play ACPI device, IDs PNP0103 (active)
Feb  1 13:37:39 winbox kernel: [    0.559207] pnp 00:05: [io  0x002e-0x002f]
Feb  1 13:37:39 winbox kernel: [    0.559208] pnp 00:05: [io  0x004e-0x004f]
Feb  1 13:37:39 winbox kernel: [    0.559209] pnp 00:05: [io  0x0061]
Feb  1 13:37:39 winbox kernel: [    0.559209] pnp 00:05: [io  0x0063]
Feb  1 13:37:39 winbox kernel: [    0.559210] pnp 00:05: [io  0x0065]
Feb  1 13:37:39 winbox kernel: [    0.559211] pnp 00:05: [io  0x0067]
Feb  1 13:37:39 winbox kernel: [    0.559212] pnp 00:05: [io  0x0070]
Feb  1 13:37:39 winbox kernel: [    0.559213] pnp 00:05: [io  0x0080]
Feb  1 13:37:39 winbox kernel: [    0.559214] pnp 00:05: [io  0x0092]
Feb  1 13:37:39 winbox kernel: [    0.559215] pnp 00:05: [io  0x00b2-0x00b3]
Feb  1 13:37:39 winbox kernel: [    0.559216] pnp 00:05: [io  0x0680-0x069f]
Feb  1 13:37:39 winbox kernel: [    0.559217] pnp 00:05: [io  0x1000-0x100f]
Feb  1 13:37:39 winbox kernel: [    0.559218] pnp 00:05: [io  0xffff]
Feb  1 13:37:39 winbox kernel: [    0.559219] pnp 00:05: [io  0xffff]
Feb  1 13:37:39 winbox kernel: [    0.559220] pnp 00:05: [io  0x0400-0x0453]
Feb  1 13:37:39 winbox kernel: [    0.559221] pnp 00:05: [io  0x0458-0x047f]
Feb  1 13:37:39 winbox kernel: [    0.559222] pnp 00:05: [io  0x0500-0x057f]
Feb  1 13:37:39 winbox kernel: [    0.559223] pnp 00:05: [io  0x164e-0x164f]
Feb  1 13:37:39 winbox kernel: [    0.559245] system 00:05: [io  0x0680-0x069f] has been reserved
Feb  1 13:37:39 winbox kernel: [    0.559247] system 00:05: [io  0x1000-0x100f] has been reserved
Feb  1 13:37:39 winbox kernel: [    0.559248] system 00:05: [io  0xffff] has been reserved
Feb  1 13:37:39 winbox kernel: [    0.559249] system 00:05: [io  0xffff] has been reserved
Feb  1 13:37:39 winbox kernel: [    0.559251] system 00:05: [io  0x0400-0x0453] has been reserved
Feb  1 13:37:39 winbox kernel: [    0.559252] system 00:05: [io  0x0458-0x047f] has been reserved
Feb  1 13:37:39 winbox kernel: [    0.559253] system 00:05: [io  0x0500-0x057f] has been reserved
Feb  1 13:37:39 winbox kernel: [    0.559255] system 00:05: [io  0x164e-0x164f] has been reserved
Feb  1 13:37:39 winbox kernel: [    0.559256] system 00:05: Plug and Play ACPI device, IDs PNP0c02 (active)
Feb  1 13:37:39 winbox kernel: [    0.559261] pnp 00:06: [io  0x0070-0x0077]
Feb  1 13:37:39 winbox kernel: [    0.559265] pnp 00:06: [irq 8]
Feb  1 13:37:39 winbox kernel: [    0.559277] pnp 00:06: Plug and Play ACPI device, IDs PNP0b00 (active)
Feb  1 13:37:39 winbox kernel: [    0.559290] pnp 00:07: [io  0x0454-0x0457]
Feb  1 13:37:39 winbox kernel: [    0.559309] system 00:07: [io  0x0454-0x0457] has been reserved
Feb  1 13:37:39 winbox kernel: [    0.559310] system 00:07: Plug and Play ACPI device, IDs INT3f0d PNP0c02 (active)
Feb  1 13:37:39 winbox kernel: [    0.559367] pnp 00:08: [io  0x0000-0xffffffffffffffff disabled]
Feb  1 13:37:39 winbox kernel: [    0.559368] pnp 00:08: [io  0x0a00-0x0a1f]
Feb  1 13:37:39 winbox kernel: [    0.559369] pnp 00:08: [io  0x0290-0x029f]
Feb  1 13:37:39 winbox kernel: [    0.559370] pnp 00:08: [io  0x0a20-0x0a2f]
Feb  1 13:37:39 winbox kernel: [    0.559391] system 00:08: [io  0x0a00-0x0a1f] has been reserved
Feb  1 13:37:39 winbox kernel: [    0.559392] system 00:08: [io  0x0290-0x029f] has been reserved
Feb  1 13:37:39 winbox kernel: [    0.559393] system 00:08: [io  0x0a20-0x0a2f] has been reserved
Feb  1 13:37:39 winbox kernel: [    0.559395] system 00:08: Plug and Play ACPI device, IDs PNP0c02 (active)
Feb  1 13:37:39 winbox kernel: [    0.559484] pnp 00:09: [io  0x0010-0x001f]
Feb  1 13:37:39 winbox kernel: [    0.559485] pnp 00:09: [io  0x0022-0x003f]
Feb  1 13:37:39 winbox kernel: [    0.559486] pnp 00:09: [io  0x0044-0x005f]
Feb  1 13:37:39 winbox kernel: [    0.559487] pnp 00:09: [io  0x0062-0x0063]
Feb  1 13:37:39 winbox kernel: [    0.559488] pnp 00:09: [io  0x0065-0x006f]
Feb  1 13:37:39 winbox kernel: [    0.559489] pnp 00:09: [io  0x0072-0x007f]
Feb  1 13:37:39 winbox kernel: [    0.559490] pnp 00:09: [io  0x0080]
Feb  1 13:37:39 winbox kernel: [    0.559491] pnp 00:09: [io  0x0084-0x0086]
Feb  1 13:37:39 winbox kernel: [    0.559492] pnp 00:09: [io  0x0088]
Feb  1 13:37:39 winbox kernel: [    0.559493] pnp 00:09: [io  0x008c-0x008e]
Feb  1 13:37:39 winbox kernel: [    0.559494] pnp 00:09: [io  0x0090-0x009f]
Feb  1 13:37:39 winbox kernel: [    0.559495] pnp 00:09: [io  0x00a2-0x00bf]
Feb  1 13:37:39 winbox kernel: [    0.559496] pnp 00:09: [io  0x00e0-0x00ef]
Feb  1 13:37:39 winbox kernel: [    0.559497] pnp 00:09: [io  0x04d0-0x04d1]
Feb  1 13:37:39 winbox kernel: [    0.559518] system 00:09: [io  0x04d0-0x04d1] has been reserved
Feb  1 13:37:39 winbox kernel: [    0.559519] system 00:09: Plug and Play ACPI device, IDs PNP0c02 (active)
Feb  1 13:37:39 winbox kernel: [    0.559524] pnp 00:0a: [io  0x00f0-0x00ff]
Feb  1 13:37:39 winbox kernel: [    0.559527] pnp 00:0a: [irq 13]
Feb  1 13:37:39 winbox kernel: [    0.559540] pnp 00:0a: Plug and Play ACPI device, IDs PNP0c04 (active)
Feb  1 13:37:39 winbox kernel: [    0.559663] pnp 00:0b: [mem 0xfed1c000-0xfed1ffff]
Feb  1 13:37:39 winbox kernel: [    0.559664] pnp 00:0b: [mem 0xfed10000-0xfed17fff]
Feb  1 13:37:39 winbox kernel: [    0.559665] pnp 00:0b: [mem 0xfed18000-0xfed18fff]
Feb  1 13:37:39 winbox kernel: [    0.559666] pnp 00:0b: [mem 0xfed19000-0xfed19fff]
Feb  1 13:37:39 winbox kernel: [    0.559667] pnp 00:0b: [mem 0xf8000000-0xfbffffff]
Feb  1 13:37:39 winbox kernel: [    0.559669] pnp 00:0b: [mem 0xfed20000-0xfed3ffff]
Feb  1 13:37:39 winbox kernel: [    0.559670] pnp 00:0b: [mem 0xfed90000-0xfed93fff]
Feb  1 13:37:39 winbox kernel: [    0.559671] pnp 00:0b: [mem 0xfed45000-0xfed8ffff]
Feb  1 13:37:39 winbox kernel: [    0.559672] pnp 00:0b: [mem 0xff000000-0xffffffff]
Feb  1 13:37:39 winbox kernel: [    0.559673] pnp 00:0b: [mem 0xfee00000-0xfeefffff]
Feb  1 13:37:39 winbox kernel: [    0.559674] pnp 00:0b: [mem 0xe0000000-0xe0000fff]
Feb  1 13:37:39 winbox kernel: [    0.559704] system 00:0b: [mem 0xfed1c000-0xfed1ffff] has been reserved
Feb  1 13:37:39 winbox kernel: [    0.559706] system 00:0b: [mem 0xfed10000-0xfed17fff] has been reserved
Feb  1 13:37:39 winbox kernel: [    0.559707] system 00:0b: [mem 0xfed18000-0xfed18fff] has been reserved
Feb  1 13:37:39 winbox kernel: [    0.559709] system 00:0b: [mem 0xfed19000-0xfed19fff] has been reserved
Feb  1 13:37:39 winbox kernel: [    0.559710] system 00:0b: [mem 0xf8000000-0xfbffffff] has been reserved
Feb  1 13:37:39 winbox kernel: [    0.559712] system 00:0b: [mem 0xfed20000-0xfed3ffff] has been reserved
Feb  1 13:37:39 winbox kernel: [    0.559714] system 00:0b: [mem 0xfed90000-0xfed93fff] has been reserved
Feb  1 13:37:39 winbox kernel: [    0.559715] system 00:0b: [mem 0xfed45000-0xfed8ffff] has been reserved
Feb  1 13:37:39 winbox kernel: [    0.559716] system 00:0b: [mem 0xff000000-0xffffffff] has been reserved
Feb  1 13:37:39 winbox kernel: [    0.559718] system 00:0b: [mem 0xfee00000-0xfeefffff] could not be reserved
Feb  1 13:37:39 winbox kernel: [    0.559720] system 00:0b: [mem 0xe0000000-0xe0000fff] has been reserved
Feb  1 13:37:39 winbox kernel: [    0.559721] system 00:0b: Plug and Play ACPI device, IDs PNP0c02 (active)
Feb  1 13:37:39 winbox kernel: [    0.559795] pnp: PnP ACPI: found 12 devices
Feb  1 13:37:39 winbox kernel: [    0.559796] ACPI: ACPI bus type pnp unregistered
Feb  1 13:37:39 winbox kernel: [    0.559798] PnPBIOS: Disabled by ACPI PNP
Feb  1 13:37:39 winbox kernel: [    0.595332] PCI: max bus depth: 1 pci_try_num: 2
Feb  1 13:37:39 winbox kernel: [    0.595355] pci 0000:00:01.0: PCI bridge to [bus 01-01]
Feb  1 13:37:39 winbox kernel: [    0.595357] pci 0000:00:01.0:   bridge window [io  0xe000-0xefff]
Feb  1 13:37:39 winbox kernel: [    0.595359] pci 0000:00:01.0:   bridge window [mem 0xf6000000-0xf70fffff]
Feb  1 13:37:39 winbox kernel: [    0.595361] pci 0000:00:01.0:   bridge window [mem 0xe8000000-0xf1ffffff 64bit pref]
Feb  1 13:37:39 winbox kernel: [    0.595363] pci 0000:00:1c.0: PCI bridge to [bus 02-02]
Feb  1 13:37:39 winbox kernel: [    0.595380] pci 0000:00:1c.4: PCI bridge to [bus 03-03]
Feb  1 13:37:39 winbox kernel: [    0.595382] pci 0000:00:1c.4:   bridge window [io  0xd000-0xdfff]
Feb  1 13:37:39 winbox kernel: [    0.595388] pci 0000:00:1c.4:   bridge window [mem 0xf2100000-0xf21fffff 64bit pref]
Feb  1 13:37:39 winbox kernel: [    0.595399] pci 0000:00:01.0: setting latency timer to 64
Feb  1 13:37:39 winbox kernel: [    0.595407] pci 0000:00:1c.0: setting latency timer to 64
Feb  1 13:37:39 winbox kernel: [    0.595413] pci 0000:00:1c.4: setting latency timer to 64
Feb  1 13:37:39 winbox kernel: [    0.595415] pci_bus 0000:00: resource 4 [io  0x0000-0x0cf7]
Feb  1 13:37:39 winbox kernel: [    0.595416] pci_bus 0000:00: resource 5 [io  0x0d00-0xffff]
Feb  1 13:37:39 winbox kernel: [    0.595418] pci_bus 0000:00: resource 6 [mem 0x000a0000-0x000bffff]
Feb  1 13:37:39 winbox kernel: [    0.595419] pci_bus 0000:00: resource 7 [mem 0x000d0000-0x000d3fff]
Feb  1 13:37:39 winbox kernel: [    0.595420] pci_bus 0000:00: resource 8 [mem 0x000d4000-0x000d7fff]
Feb  1 13:37:39 winbox kernel: [    0.595421] pci_bus 0000:00: resource 9 [mem 0x000d8000-0x000dbfff]
Feb  1 13:37:39 winbox kernel: [    0.595422] pci_bus 0000:00: resource 10 [mem 0x000dc000-0x000dffff]
Feb  1 13:37:39 winbox kernel: [    0.595424] pci_bus 0000:00: resource 11 [mem 0x000e0000-0x000e3fff]
Feb  1 13:37:39 winbox kernel: [    0.595425] pci_bus 0000:00: resource 12 [mem 0x000e4000-0x000e7fff]
Feb  1 13:37:39 winbox kernel: [    0.595426] pci_bus 0000:00: resource 13 [mem 0xe0000000-0xfeafffff]
Feb  1 13:37:39 winbox kernel: [    0.595428] pci_bus 0000:01: resource 0 [io  0xe000-0xefff]
Feb  1 13:37:39 winbox kernel: [    0.595429] pci_bus 0000:01: resource 1 [mem 0xf6000000-0xf70fffff]
Feb  1 13:37:39 winbox kernel: [    0.595430] pci_bus 0000:01: resource 2 [mem 0xe8000000-0xf1ffffff 64bit pref]
Feb  1 13:37:39 winbox kernel: [    0.595431] pci_bus 0000:03: resource 0 [io  0xd000-0xdfff]
Feb  1 13:37:39 winbox kernel: [    0.595433] pci_bus 0000:03: resource 2 [mem 0xf2100000-0xf21fffff 64bit pref]
Feb  1 13:37:39 winbox kernel: [    0.595468] NET: Registered protocol family 2
Feb  1 13:37:39 winbox kernel: [    0.595498] IP route cache hash table entries: 32768 (order: 5, 131072 bytes)
Feb  1 13:37:39 winbox kernel: [    0.595595] TCP established hash table entries: 131072 (order: 8, 1048576 bytes)
Feb  1 13:37:39 winbox kernel: [    0.595715] TCP bind hash table entries: 65536 (order: 7, 524288 bytes)
Feb  1 13:37:39 winbox kernel: [    0.595767] TCP: Hash tables configured (established 131072 bind 65536)
Feb  1 13:37:39 winbox kernel: [    0.595768] TCP reno registered
Feb  1 13:37:39 winbox kernel: [    0.595769] UDP hash table entries: 512 (order: 2, 16384 bytes)
Feb  1 13:37:39 winbox kernel: [    0.595772] UDP-Lite hash table entries: 512 (order: 2, 16384 bytes)
Feb  1 13:37:39 winbox kernel: [    0.595812] NET: Registered protocol family 1
Feb  1 13:37:39 winbox kernel: [    0.633994] pci 0000:01:00.0: Boot video device
Feb  1 13:37:39 winbox kernel: [    0.634009] PCI: CLS 64 bytes, default 64
Feb  1 13:37:39 winbox kernel: [    0.634043] Unpacking initramfs...
Feb  1 13:37:39 winbox kernel: [    0.787494] Freeing initrd memory: 9648k freed
Feb  1 13:37:39 winbox kernel: [    0.788475] audit: initializing netlink socket (disabled)
Feb  1 13:37:39 winbox kernel: [    0.788481] type=2000 audit(1391261844.632:1): initialized
Feb  1 13:37:39 winbox kernel: [    0.798648] highmem bounce pool size: 64 pages
Feb  1 13:37:39 winbox kernel: [    0.798652] HugeTLB registered 2 MB page size, pre-allocated 0 pages
Feb  1 13:37:39 winbox kernel: [    0.799441] VFS: Disk quotas dquot_6.5.2
Feb  1 13:37:39 winbox kernel: [    0.799459] Dquot-cache hash table entries: 1024 (order 0, 4096 bytes)
Feb  1 13:37:39 winbox kernel: [    0.799495] msgmni has been set to 1630
Feb  1 13:37:39 winbox kernel: [    0.799592] alg: No test for stdrng (krng)
Feb  1 13:37:39 winbox kernel: [    0.799608] Block layer SCSI generic (bsg) driver version 0.4 loaded (major 253)
Feb  1 13:37:39 winbox kernel: [    0.799610] io scheduler noop registered
Feb  1 13:37:39 winbox kernel: [    0.799611] io scheduler deadline registered
Feb  1 13:37:39 winbox kernel: [    0.799621] io scheduler cfq registered (default)
Feb  1 13:37:39 winbox kernel: [    0.799660] pcieport 0000:00:01.0: setting latency timer to 64
Feb  1 13:37:39 winbox kernel: [    0.799678] pcieport 0000:00:01.0: irq 40 for MSI/MSI-X
Feb  1 13:37:39 winbox kernel: [    0.799818] pci_hotplug: PCI Hot Plug PCI Core version: 0.5
Feb  1 13:37:39 winbox kernel: [    0.799829] pciehp: PCI Express Hot Plug Controller Driver version: 0.4
Feb  1 13:37:39 winbox kernel: [    0.799830] acpiphp: ACPI Hot Plug PCI Controller Driver version: 0.5
Feb  1 13:37:39 winbox kernel: [    0.800033] intel_idle: MWAIT substates: 0x1120
Feb  1 13:37:39 winbox kernel: [    0.800034] intel_idle: v0.4 model 0x3A
Feb  1 13:37:39 winbox kernel: [    0.800035] intel_idle: lapic_timer_reliable_states 0xffffffff
Feb  1 13:37:39 winbox kernel: [    0.800056] ERST: Table is not found!
Feb  1 13:37:39 winbox kernel: [    0.800057] GHES: HEST is not enabled!
Feb  1 13:37:39 winbox kernel: [    0.800063] isapnp: Scanning for PnP cards...
Feb  1 13:37:39 winbox kernel: [    1.152505] isapnp: No Plug & Play device found
Feb  1 13:37:39 winbox kernel: [    1.152535] Serial: 8250/16550 driver, 4 ports, IRQ sharing enabled
Feb  1 13:37:39 winbox kernel: [    1.153992] Linux agpgart interface v0.103
Feb  1 13:37:39 winbox kernel: [    1.154121] i8042: PNP: No PS/2 controller found. Probing ports directly.
Feb  1 13:37:39 winbox kernel: [    1.154510] serio: i8042 KBD port at 0x60,0x64 irq 1
Feb  1 13:37:39 winbox kernel: [    1.154513] serio: i8042 AUX port at 0x60,0x64 irq 12
Feb  1 13:37:39 winbox kernel: [    1.154577] mousedev: PS/2 mouse device common for all mice
Feb  1 13:37:39 winbox kernel: [    1.154609] rtc_cmos 00:06: RTC can wake from S4
Feb  1 13:37:39 winbox kernel: [    1.154688] rtc_cmos 00:06: rtc core: registered rtc_cmos as rtc0
Feb  1 13:37:39 winbox kernel: [    1.154712] rtc0: alarms up to one month, y3k, 242 bytes nvram, hpet irqs
Feb  1 13:37:39 winbox kernel: [    1.154749] cpuidle: using governor ladder
Feb  1 13:37:39 winbox kernel: [    1.154796] cpuidle: using governor menu
Feb  1 13:37:39 winbox kernel: [    1.154889] TCP cubic registered
Feb  1 13:37:39 winbox kernel: [    1.155064] NET: Registered protocol family 10
Feb  1 13:37:39 winbox kernel: [    1.155399] Mobile IPv6
Feb  1 13:37:39 winbox kernel: [    1.155400] NET: Registered protocol family 17
Feb  1 13:37:39 winbox kernel: [    1.155402] Registering the dns_resolver key type
Feb  1 13:37:39 winbox kernel: [    1.155412] Using IPI No-Shortcut mode
Feb  1 13:37:39 winbox kernel: [    1.155636] PM: Hibernation image not present or could not be loaded.
Feb  1 13:37:39 winbox kernel: [    1.155645] registered taskstats version 1
Feb  1 13:37:39 winbox kernel: [    1.156231] rtc_cmos 00:06: setting system clock to 2014-02-01 13:37:25 UTC (1391261845)
Feb  1 13:37:39 winbox kernel: [    1.156263] Initializing network drop monitor service
Feb  1 13:37:39 winbox kernel: [    1.156389] Freeing unused kernel memory: 416k freed
Feb  1 13:37:39 winbox kernel: [    1.156527] Write protecting the kernel text: 2856k
Feb  1 13:37:39 winbox kernel: [    1.156575] Write protecting the kernel read-only data: 1084k
Feb  1 13:37:39 winbox kernel: [    1.156576] NX-protecting the kernel data: 3288k
Feb  1 13:37:39 winbox kernel: [    1.173732] usbcore: registered new interface driver usbfs
Feb  1 13:37:39 winbox kernel: [    1.173747] usbcore: registered new interface driver hub
Feb  1 13:37:39 winbox kernel: [    1.180029] SCSI subsystem initialized
Feb  1 13:37:39 winbox kernel: [    1.181957] usbcore: registered new device driver usb
Feb  1 13:37:39 winbox kernel: [    1.182176] ehci_hcd: USB 2.0 'Enhanced' Host Controller (EHCI) Driver
Feb  1 13:37:39 winbox kernel: [    1.182205] ehci_hcd 0000:00:1a.0: setting latency timer to 64
Feb  1 13:37:39 winbox kernel: [    1.182208] ehci_hcd 0000:00:1a.0: EHCI Host Controller
Feb  1 13:37:39 winbox kernel: [    1.182220] ehci_hcd 0000:00:1a.0: new USB bus registered, assigned bus number 1
Feb  1 13:37:39 winbox kernel: [    1.182237] ehci_hcd 0000:00:1a.0: debug port 2
Feb  1 13:37:39 winbox kernel: [    1.184360] libata version 3.00 loaded.
Feb  1 13:37:39 winbox kernel: [    1.186125] ehci_hcd 0000:00:1a.0: cache line size of 64 is not supported
Feb  1 13:37:39 winbox kernel: [    1.188510] ehci_hcd 0000:00:1a.0: irq 23, io mem 0xf7118000
Feb  1 13:37:39 winbox kernel: [    1.190557] r8169 Gigabit Ethernet driver 2.3LK-NAPI loaded
Feb  1 13:37:39 winbox kernel: [    1.190604] r8169 0000:03:00.0: setting latency timer to 64
Feb  1 13:37:39 winbox kernel: [    1.190694] r8169 0000:03:00.0: irq 41 for MSI/MSI-X
Feb  1 13:37:39 winbox kernel: [    1.190943] r8169 0000:03:00.0: eth0: RTL8168f/8111f at 0xf8212000, 50:46:5d:50:57:99, XID 08000800 IRQ 41
Feb  1 13:37:39 winbox kernel: [    1.190945] r8169 0000:03:00.0: eth0: jumbo features [frames: 9200 bytes, tx checksumming: ko]
Feb  1 13:37:39 winbox kernel: [    1.201656] ehci_hcd 0000:00:1a.0: USB 2.0 started, EHCI 1.00
Feb  1 13:37:39 winbox kernel: [    1.201687] usb usb1: New USB device found, idVendor=1d6b, idProduct=0002
Feb  1 13:37:39 winbox kernel: [    1.201689] usb usb1: New USB device strings: Mfr=3, Product=2, SerialNumber=1
Feb  1 13:37:39 winbox kernel: [    1.201690] usb usb1: Product: EHCI Host Controller
Feb  1 13:37:39 winbox kernel: [    1.201691] usb usb1: Manufacturer: Linux 3.2.0-4-686-pae ehci_hcd
Feb  1 13:37:39 winbox kernel: [    1.201692] usb usb1: SerialNumber: 0000:00:1a.0
Feb  1 13:37:39 winbox kernel: [    1.201811] hub 1-0:1.0: USB hub found
Feb  1 13:37:39 winbox kernel: [    1.201814] hub 1-0:1.0: 2 ports detected
Feb  1 13:37:39 winbox kernel: [    1.201862] ehci_hcd 0000:00:1d.0: setting latency timer to 64
Feb  1 13:37:39 winbox kernel: [    1.201865] ehci_hcd 0000:00:1d.0: EHCI Host Controller
Feb  1 13:37:39 winbox kernel: [    1.201869] ehci_hcd 0000:00:1d.0: new USB bus registered, assigned bus number 2
Feb  1 13:37:39 winbox kernel: [    1.201886] ehci_hcd 0000:00:1d.0: debug port 2
Feb  1 13:37:39 winbox kernel: [    1.205765] ehci_hcd 0000:00:1d.0: cache line size of 64 is not supported
Feb  1 13:37:39 winbox kernel: [    1.205772] ehci_hcd 0000:00:1d.0: irq 23, io mem 0xf7117000
Feb  1 13:37:39 winbox kernel: [    1.205830] thermal LNXTHERM:00: registered as thermal_zone0
Feb  1 13:37:39 winbox kernel: [    1.205832] ACPI: Thermal Zone [TZ00] (28 C)
Feb  1 13:37:39 winbox kernel: [    1.205927] thermal LNXTHERM:01: registered as thermal_zone1
Feb  1 13:37:39 winbox kernel: [    1.205928] ACPI: Thermal Zone [TZ01] (30 C)
Feb  1 13:37:39 winbox kernel: [    1.205986] ACPI: Fan [FAN0] (off)
Feb  1 13:37:39 winbox kernel: [    1.206009] ACPI: Fan [FAN1] (off)
Feb  1 13:37:39 winbox kernel: [    1.206031] ACPI: Fan [FAN2] (off)
Feb  1 13:37:39 winbox kernel: [    1.206050] ACPI: Fan [FAN3] (off)
Feb  1 13:37:39 winbox kernel: [    1.206069] ACPI: Fan [FAN4] (off)
Feb  1 13:37:39 winbox kernel: [    1.221644] ehci_hcd 0000:00:1d.0: USB 2.0 started, EHCI 1.00
Feb  1 13:37:39 winbox kernel: [    1.221686] usb usb2: New USB device found, idVendor=1d6b, idProduct=0002
Feb  1 13:37:39 winbox kernel: [    1.221687] usb usb2: New USB device strings: Mfr=3, Product=2, SerialNumber=1
Feb  1 13:37:39 winbox kernel: [    1.221688] usb usb2: Product: EHCI Host Controller
Feb  1 13:37:39 winbox kernel: [    1.221690] usb usb2: Manufacturer: Linux 3.2.0-4-686-pae ehci_hcd
Feb  1 13:37:39 winbox kernel: [    1.221691] usb usb2: SerialNumber: 0000:00:1d.0
Feb  1 13:37:39 winbox kernel: [    1.221832] hub 2-0:1.0: USB hub found
Feb  1 13:37:39 winbox kernel: [    1.221835] hub 2-0:1.0: 2 ports detected
Feb  1 13:37:39 winbox kernel: [    1.221927] xhci_hcd 0000:00:14.0: setting latency timer to 64
Feb  1 13:37:39 winbox kernel: [    1.221931] xhci_hcd 0000:00:14.0: xHCI Host Controller
Feb  1 13:37:39 winbox kernel: [    1.221936] xhci_hcd 0000:00:14.0: new USB bus registered, assigned bus number 3
Feb  1 13:37:39 winbox kernel: [    1.222009] xhci_hcd 0000:00:14.0: cache line size of 64 is not supported
Feb  1 13:37:39 winbox kernel: [    1.222044] xhci_hcd 0000:00:14.0: irq 42 for MSI/MSI-X
Feb  1 13:37:39 winbox kernel: [    1.222079] usb usb3: New USB device found, idVendor=1d6b, idProduct=0002
Feb  1 13:37:39 winbox kernel: [    1.222080] usb usb3: New USB device strings: Mfr=3, Product=2, SerialNumber=1
Feb  1 13:37:39 winbox kernel: [    1.222082] usb usb3: Product: xHCI Host Controller
Feb  1 13:37:39 winbox kernel: [    1.222083] usb usb3: Manufacturer: Linux 3.2.0-4-686-pae xhci_hcd
Feb  1 13:37:39 winbox kernel: [    1.222084] usb usb3: SerialNumber: 0000:00:14.0
Feb  1 13:37:39 winbox kernel: [    1.222173] xHCI xhci_add_endpoint called for root hub
Feb  1 13:37:39 winbox kernel: [    1.222175] xHCI xhci_check_bandwidth called for root hub
Feb  1 13:37:39 winbox kernel: [    1.222195] hub 3-0:1.0: USB hub found
Feb  1 13:37:39 winbox kernel: [    1.222201] hub 3-0:1.0: 4 ports detected
Feb  1 13:37:39 winbox kernel: [    1.222241] xhci_hcd 0000:00:14.0: xHCI Host Controller
Feb  1 13:37:39 winbox kernel: [    1.222244] xhci_hcd 0000:00:14.0: new USB bus registered, assigned bus number 4
Feb  1 13:37:39 winbox kernel: [    1.222255] usb usb4: New USB device found, idVendor=1d6b, idProduct=0003
Feb  1 13:37:39 winbox kernel: [    1.222256] usb usb4: New USB device strings: Mfr=3, Product=2, SerialNumber=1
Feb  1 13:37:39 winbox kernel: [    1.222258] usb usb4: Product: xHCI Host Controller
Feb  1 13:37:39 winbox kernel: [    1.222259] usb usb4: Manufacturer: Linux 3.2.0-4-686-pae xhci_hcd
Feb  1 13:37:39 winbox kernel: [    1.222260] usb usb4: SerialNumber: 0000:00:14.0
Feb  1 13:37:39 winbox kernel: [    1.222350] xHCI xhci_add_endpoint called for root hub
Feb  1 13:37:39 winbox kernel: [    1.222352] xHCI xhci_check_bandwidth called for root hub
Feb  1 13:37:39 winbox kernel: [    1.222375] hub 4-0:1.0: USB hub found
Feb  1 13:37:39 winbox kernel: [    1.222381] hub 4-0:1.0: 4 ports detected
Feb  1 13:37:39 winbox kernel: [    1.237687] ahci 0000:00:1f.2: version 3.0
Feb  1 13:37:39 winbox kernel: [    1.237728] ahci 0000:00:1f.2: irq 43 for MSI/MSI-X
Feb  1 13:37:39 winbox kernel: [    1.237770] ahci 0000:00:1f.2: AHCI 0001.0300 32 slots 6 ports 6 Gbps 0x3 impl SATA mode
Feb  1 13:37:39 winbox kernel: [    1.237772] ahci 0000:00:1f.2: flags: 64bit ncq led clo pio slum part ems apst 
Feb  1 13:37:39 winbox kernel: [    1.237775] ahci 0000:00:1f.2: setting latency timer to 64
Feb  1 13:37:39 winbox kernel: [    1.246001] scsi0 : ahci
Feb  1 13:37:39 winbox kernel: [    1.246161] scsi1 : ahci
Feb  1 13:37:39 winbox kernel: [    1.246273] scsi2 : ahci
Feb  1 13:37:39 winbox kernel: [    1.246385] scsi3 : ahci
Feb  1 13:37:39 winbox kernel: [    1.246492] scsi4 : ahci
Feb  1 13:37:39 winbox kernel: [    1.246582] scsi5 : ahci
Feb  1 13:37:39 winbox kernel: [    1.246760] ata1: SATA max UDMA/133 abar m2048@0xf7116000 port 0xf7116100 irq 43
Feb  1 13:37:39 winbox kernel: [    1.246763] ata2: SATA max UDMA/133 abar m2048@0xf7116000 port 0xf7116180 irq 43
Feb  1 13:37:39 winbox kernel: [    1.246764] ata3: DUMMY
Feb  1 13:37:39 winbox kernel: [    1.246765] ata4: DUMMY
Feb  1 13:37:39 winbox kernel: [    1.246765] ata5: DUMMY
Feb  1 13:37:39 winbox kernel: [    1.246766] ata6: DUMMY
Feb  1 13:37:39 winbox kernel: [    1.513479] usb 1-1: new high-speed USB device number 2 using ehci_hcd
Feb  1 13:37:39 winbox kernel: [    1.565454] ata2: SATA link up 3.0 Gbps (SStatus 123 SControl 300)
Feb  1 13:37:39 winbox kernel: [    1.566359] ACPI Error: [DSSP] Namespace lookup failure, AE_NOT_FOUND (20110623/psargs-359)
Feb  1 13:37:39 winbox kernel: [    1.566363] ACPI Error: Method parse/execution failed [\_SB_.PCI0.SAT0.SPT1._GTF] (Node f244b8d8), AE_NOT_FOUND (20110623/psparse-536)
Feb  1 13:37:39 winbox kernel: [    1.609915] ata2.00: ATA-7: ST3250620NS, 3.AEG, max UDMA/133
Feb  1 13:37:39 winbox kernel: [    1.609920] ata2.00: 488397168 sectors, multi 16: LBA48 NCQ (depth 31/32)
Feb  1 13:37:39 winbox kernel: [    1.635494] ACPI Error: [DSSP] Namespace lookup failure, AE_NOT_FOUND (20110623/psargs-359)
Feb  1 13:37:39 winbox kernel: [    1.635499] ACPI Error: Method parse/execution failed [\_SB_.PCI0.SAT0.SPT1._GTF] (Node f244b8d8), AE_NOT_FOUND (20110623/psparse-536)
Feb  1 13:37:39 winbox kernel: [    1.645836] usb 1-1: New USB device found, idVendor=8087, idProduct=0024
Feb  1 13:37:39 winbox kernel: [    1.645841] usb 1-1: New USB device strings: Mfr=0, Product=0, SerialNumber=0
Feb  1 13:37:39 winbox kernel: [    1.646096] hub 1-1:1.0: USB hub found
Feb  1 13:37:39 winbox kernel: [    1.646192] hub 1-1:1.0: 6 ports detected
Feb  1 13:37:39 winbox kernel: [    1.668182] ata2.00: configured for UDMA/133
Feb  1 13:37:39 winbox kernel: [    1.757338] usb 2-1: new high-speed USB device number 2 using ehci_hcd
Feb  1 13:37:39 winbox kernel: [    1.785319] Refined TSC clocksource calibration: 3400.023 MHz.
Feb  1 13:37:39 winbox kernel: [    1.785325] Switching to clocksource tsc
Feb  1 13:37:39 winbox kernel: [    1.889691] usb 2-1: New USB device found, idVendor=8087, idProduct=0024
Feb  1 13:37:39 winbox kernel: [    1.889695] usb 2-1: New USB device strings: Mfr=0, Product=0, SerialNumber=0
Feb  1 13:37:39 winbox kernel: [    1.889952] hub 2-1:1.0: USB hub found
Feb  1 13:37:39 winbox kernel: [    1.890050] hub 2-1:1.0: 8 ports detected
Feb  1 13:37:39 winbox kernel: [    1.961396] usb 1-1.1: new low-speed USB device number 3 using ehci_hcd
Feb  1 13:37:39 winbox kernel: [    2.073459] usb 1-1.1: New USB device found, idVendor=03f0, idProduct=034a
Feb  1 13:37:39 winbox kernel: [    2.073464] usb 1-1.1: New USB device strings: Mfr=1, Product=2, SerialNumber=0
Feb  1 13:37:39 winbox kernel: [    2.073467] usb 1-1.1: Product: HP Elite USB Keyboard
Feb  1 13:37:39 winbox kernel: [    2.073469] usb 1-1.1: Manufacturer: Chicony
Feb  1 13:37:39 winbox kernel: [    2.109290] input: Chicony HP Elite USB Keyboard as /devices/pci0000:00/0000:00:1a.0/usb1/1-1/1-1.1/1-1.1:1.0/input/input0
Feb  1 13:37:39 winbox kernel: [    2.109376] generic-usb 0003:03F0:034A.0001: input,hidraw0: USB HID v1.10 Keyboard [Chicony HP Elite USB Keyboard] on usb-0000:00:1a.0-1.1/input0
Feb  1 13:37:39 winbox kernel: [    2.119258] input: Chicony HP Elite USB Keyboard as /devices/pci0000:00/0000:00:1a.0/usb1/1-1/1-1.1/1-1.1:1.1/input/input1
Feb  1 13:37:39 winbox kernel: [    2.119342] generic-usb 0003:03F0:034A.0002: input,hidraw1: USB HID v1.10 Device [Chicony HP Elite USB Keyboard] on usb-0000:00:1a.0-1.1/input1
Feb  1 13:37:39 winbox kernel: [    2.119353] usbcore: registered new interface driver usbhid
Feb  1 13:37:39 winbox kernel: [    2.119354] usbhid: USB HID core driver
Feb  1 13:37:39 winbox kernel: [    2.145291] usb 1-1.2: new full-speed USB device number 4 using ehci_hcd
Feb  1 13:37:39 winbox kernel: [    2.238862] usb 1-1.2: New USB device found, idVendor=09da, idProduct=9090
Feb  1 13:37:39 winbox kernel: [    2.238867] usb 1-1.2: New USB device strings: Mfr=1, Product=2, SerialNumber=0
Feb  1 13:37:39 winbox kernel: [    2.238870] usb 1-1.2: Product: USB Device
Feb  1 13:37:39 winbox kernel: [    2.238872] usb 1-1.2: Manufacturer: A4TECH
Feb  1 13:37:39 winbox kernel: [    2.240522] input: A4TECH USB Device as /devices/pci0000:00/0000:00:1a.0/usb1/1-1/1-1.2/1-1.2:1.0/input/input2
Feb  1 13:37:39 winbox kernel: [    2.240735] generic-usb 0003:09DA:9090.0003: input,hiddev0,hidraw2: USB HID v1.11 Keyboard [A4TECH USB Device] on usb-0000:00:1a.0-1.2/input0
Feb  1 13:37:39 winbox kernel: [    2.241690] input: A4TECH USB Device as /devices/pci0000:00/0000:00:1a.0/usb1/1-1/1-1.2/1-1.2:1.1/input/input3
Feb  1 13:37:39 winbox kernel: [    2.241812] generic-usb 0003:09DA:9090.0004: input,hidraw3: USB HID v1.11 Mouse [A4TECH USB Device] on usb-0000:00:1a.0-1.2/input1
Feb  1 13:37:39 winbox kernel: [    2.313195] usb 2-1.7: new full-speed USB device number 3 using ehci_hcd
Feb  1 13:37:39 winbox kernel: [    2.533315] usb 2-1.7: New USB device found, idVendor=041e, idProduct=30de
Feb  1 13:37:39 winbox kernel: [    2.533319] usb 2-1.7: New USB device strings: Mfr=1, Product=2, SerialNumber=0
Feb  1 13:37:39 winbox kernel: [    2.533323] usb 2-1.7: Product: Sound Blaster Tactic(3D) Omega
Feb  1 13:37:39 winbox kernel: [    2.533325] usb 2-1.7: Manufacturer: Creative Technology Ltd
Feb  1 13:37:39 winbox kernel: [    2.594829] input: Creative Technology Ltd Sound Blaster Tactic(3D) Omega as /devices/pci0000:00/0000:00:1d.0/usb2/2-1/2-1.7/2-1.7:1.3/input/input4
Feb  1 13:37:39 winbox kernel: [    2.595029] generic-usb 0003:041E:30DE.0005: input,hiddev0,hidraw4: USB HID v1.11 Device [Creative Technology Ltd Sound Blaster Tactic(3D) Omega] on usb-0000:00:1d.0-1.7/input3
Feb  1 13:37:39 winbox kernel: [    6.626505] ata1: link is slow to respond, please be patient (ready=0)
Feb  1 13:37:39 winbox kernel: [   11.271812] ata1: COMRESET failed (errno=-16)
Feb  1 13:37:39 winbox kernel: [   11.591639] ata1: SATA link up 3.0 Gbps (SStatus 123 SControl 300)
Feb  1 13:37:39 winbox kernel: [   11.591897] ACPI Error: [DSSP] Namespace lookup failure, AE_NOT_FOUND (20110623/psargs-359)
Feb  1 13:37:39 winbox kernel: [   11.591902] ACPI Error: Method parse/execution failed [\_SB_.PCI0.SAT0.SPT0._GTF] (Node f244b920), AE_NOT_FOUND (20110623/psparse-536)
Feb  1 13:37:39 winbox kernel: [   11.591968] ata1.00: ATA-7: INTEL SSDSA2M040G2GC, 2CV102HD, max UDMA/133
Feb  1 13:37:39 winbox kernel: [   11.591979] ata1.00: 78165360 sectors, multi 16: LBA48 NCQ (depth 31/32)
Feb  1 13:37:39 winbox kernel: [   11.592281] ACPI Error: [DSSP] Namespace lookup failure, AE_NOT_FOUND (20110623/psargs-359)
Feb  1 13:37:39 winbox kernel: [   11.592285] ACPI Error: Method parse/execution failed [\_SB_.PCI0.SAT0.SPT0._GTF] (Node f244b920), AE_NOT_FOUND (20110623/psparse-536)
Feb  1 13:37:39 winbox kernel: [   11.592357] ata1.00: configured for UDMA/133
Feb  1 13:37:39 winbox kernel: [   11.592546] scsi 0:0:0:0: Direct-Access     ATA      INTEL SSDSA2M040 2CV1 PQ: 0 ANSI: 5
Feb  1 13:37:39 winbox kernel: [   11.592801] scsi 1:0:0:0: Direct-Access     ATA      ST3250620NS      3.AE PQ: 0 ANSI: 5
Feb  1 13:37:39 winbox kernel: [   11.595233] sd 1:0:0:0: [sdb] 488397168 512-byte logical blocks: (250 GB/232 GiB)
Feb  1 13:37:39 winbox kernel: [   11.595256] sd 1:0:0:0: [sdb] Write Protect is off
Feb  1 13:37:39 winbox kernel: [   11.595257] sd 1:0:0:0: [sdb] Mode Sense: 00 3a 00 00
Feb  1 13:37:39 winbox kernel: [   11.595260] sd 0:0:0:0: [sda] 78165360 512-byte logical blocks: (40.0 GB/37.2 GiB)
Feb  1 13:37:39 winbox kernel: [   11.595266] sd 1:0:0:0: [sdb] Write cache: enabled, read cache: enabled, doesn't support DPO or FUA
Feb  1 13:37:39 winbox kernel: [   11.595306] sd 0:0:0:0: [sda] Write Protect is off
Feb  1 13:37:39 winbox kernel: [   11.595307] sd 0:0:0:0: [sda] Mode Sense: 00 3a 00 00
Feb  1 13:37:39 winbox kernel: [   11.595319] sd 0:0:0:0: [sda] Write cache: enabled, read cache: enabled, doesn't support DPO or FUA
Feb  1 13:37:39 winbox kernel: [   11.595709]  sda: sda1 sda2 sda3 sda4
Feb  1 13:37:39 winbox kernel: [   11.596067] sd 0:0:0:0: Attached scsi generic sg0 type 0
Feb  1 13:37:39 winbox kernel: [   11.596144] sd 1:0:0:0: Attached scsi generic sg1 type 0
Feb  1 13:37:39 winbox kernel: [   11.596174] sd 0:0:0:0: [sda] Attached SCSI disk
Feb  1 13:37:39 winbox kernel: [   11.614847]  sdb: sdb1
Feb  1 13:37:39 winbox kernel: [   11.615166] sd 1:0:0:0: [sdb] Attached SCSI disk
Feb  1 13:37:39 winbox kernel: [   12.291615] EXT4-fs (sda3): INFO: recovery required on readonly filesystem
Feb  1 13:37:39 winbox kernel: [   12.291617] EXT4-fs (sda3): write access will be enabled during recovery
Feb  1 13:37:39 winbox kernel: [   12.309553] EXT4-fs (sda3): recovery complete
Feb  1 13:37:39 winbox kernel: [   12.309667] EXT4-fs (sda3): mounted filesystem with ordered data mode. Opts: (null)
Feb  1 13:37:39 winbox kernel: [   12.607852] wmi: Mapper loaded
Feb  1 13:37:39 winbox kernel: [   12.609221] ACPI: Requesting acpi_cpufreq
Feb  1 13:37:39 winbox kernel: [   12.609520] input: Power Button as /devices/LNXSYSTM:00/LNXSYBUS:00/PNP0C0C:00/input/input5
Feb  1 13:37:39 winbox kernel: [   12.609524] ACPI: Power Button [PWRB]
Feb  1 13:37:39 winbox kernel: [   12.609557] iTCO_vendor_support: vendor-support=0
Feb  1 13:37:39 winbox kernel: [   12.610281] iTCO_wdt: Intel TCO WatchDog Timer Driver v1.07
Feb  1 13:37:39 winbox kernel: [   12.610330] iTCO_wdt: Found a Panther Point TCO device (Version=2, TCOBASE=0x0460)
Feb  1 13:37:39 winbox kernel: [   12.610370] iTCO_wdt: initialized. heartbeat=30 sec (nowayout=0)
Feb  1 13:37:39 winbox kernel: [   12.615996] input: Power Button as /devices/LNXSYSTM:00/LNXPWRBN:00/input/input6
Feb  1 13:37:39 winbox kernel: [   12.616000] ACPI: Power Button [PWRF]
Feb  1 13:37:39 winbox kernel: [   12.618671] ACPI: resource 0000:00:1f.3 [io  0xf000-0xf01f] conflicts with ACPI region SMBI [io 0xf000-0xf00f]
Feb  1 13:37:39 winbox kernel: [   12.618673] ACPI: If an ACPI driver is available for this device, you should use it instead of the native driver
Feb  1 13:37:39 winbox kernel: [   12.621339] input: PC Speaker as /devices/platform/pcspkr/input/input7
Feb  1 13:37:39 winbox kernel: [   12.621794] snd_hda_intel 0000:00:1b.0: irq 44 for MSI/MSI-X
Feb  1 13:37:39 winbox kernel: [   12.621816] snd_hda_intel 0000:00:1b.0: setting latency timer to 64
Feb  1 13:37:39 winbox kernel: [   12.626925] Error: Driver 'pcspkr' is already registered, aborting...
Feb  1 13:37:39 winbox kernel: [   12.636126] asus_wmi: ASUS WMI generic driver loaded
Feb  1 13:37:39 winbox kernel: [   12.637395] asus_wmi: Initialization: 0x0
Feb  1 13:37:39 winbox kernel: [   12.637407] asus_wmi: BIOS WMI version: 0.9
Feb  1 13:37:39 winbox kernel: [   12.637429] asus_wmi: SFUN value: 0x0
Feb  1 13:37:39 winbox kernel: [   12.637580] input: Eee PC WMI hotkeys as /devices/platform/eeepc-wmi/input/input8
Feb  1 13:37:39 winbox kernel: [   12.640710] [drm] Initialized drm 1.1.0 20060810
Feb  1 13:37:39 winbox kernel: [   12.649013] usbcore: registered new interface driver snd-usb-audio
Feb  1 13:37:39 winbox kernel: [   12.649990] nouveau 0000:01:00.0: setting latency timer to 64
Feb  1 13:37:39 winbox kernel: [   12.650001] [drm] nouveau 0000:01:00.0: Detected an NVe0 generation card (0x0e6060a1)
Feb  1 13:37:39 winbox kernel: [   12.653790] [drm] nouveau 0000:01:00.0: Checking PRAMIN for VBIOS
Feb  1 13:37:39 winbox kernel: [   12.653795] [drm] nouveau 0000:01:00.0: ... BIOS signature not found
Feb  1 13:37:39 winbox kernel: [   12.653796] [drm] nouveau 0000:01:00.0: Checking PROM for VBIOS
Feb  1 13:37:39 winbox kernel: [   12.753056] [drm] nouveau 0000:01:00.0: ... appears to be valid
Feb  1 13:37:39 winbox kernel: [   12.753057] [drm] nouveau 0000:01:00.0: Using VBIOS from PROM
Feb  1 13:37:39 winbox kernel: [   12.753059] [drm] nouveau 0000:01:00.0: BIT BIOS found
Feb  1 13:37:39 winbox kernel: [   12.753061] [drm] nouveau 0000:01:00.0: Bios version 80.06.21.00
Feb  1 13:37:39 winbox kernel: [   12.753063] [drm] nouveau 0000:01:00.0: TMDS table version 2.0
Feb  1 13:37:39 winbox kernel: [   12.753207] [drm] nouveau 0000:01:00.0: MXM: no VBIOS data, nothing to do
Feb  1 13:37:39 winbox kernel: [   12.753209] [drm] nouveau 0000:01:00.0: DCB version 4.0
Feb  1 13:37:39 winbox kernel: [   12.753211] [drm] nouveau 0000:01:00.0: DCB outp 00: 02000f00 00000000
Feb  1 13:37:39 winbox kernel: [   12.753213] [drm] nouveau 0000:01:00.0: DCB outp 01: 01011f72 00020030
Feb  1 13:37:39 winbox kernel: [   12.753214] [drm] nouveau 0000:01:00.0: DCB outp 02: 08022f82 00020030
Feb  1 13:37:39 winbox kernel: [   12.753215] [drm] nouveau 0000:01:00.0: DCB outp 03: 02033f62 00020010
Feb  1 13:37:39 winbox kernel: [   12.753216] [drm] nouveau 0000:01:00.0: DCB conn 00: 00000000
Feb  1 13:37:39 winbox kernel: [   12.753217] [drm] nouveau 0000:01:00.0: DCB conn 01: 00001131
Feb  1 13:37:39 winbox kernel: [   12.753219] [drm] nouveau 0000:01:00.0: DCB conn 02: 00010231
Feb  1 13:37:39 winbox kernel: [   12.753220] [drm] nouveau 0000:01:00.0: DCB conn 03: 00002361
Feb  1 13:37:39 winbox kernel: [   12.753223] [drm] nouveau 0000:01:00.0: Parsing VBIOS init table 0 at offset 0x886B
Feb  1 13:37:39 winbox kernel: [   12.783060] [drm] nouveau 0000:01:00.0: 0x8B9E: Init table command not found: 0xA9
Feb  1 13:37:39 winbox kernel: [   12.783124] [drm] nouveau 0000:01:00.0: Parsing VBIOS init table 1 at offset 0x904B
Feb  1 13:37:39 winbox kernel: [   12.785680] [drm] nouveau 0000:01:00.0: Parsing VBIOS init table 2 at offset 0xAB24
Feb  1 13:37:39 winbox kernel: [   12.785683] [drm] nouveau 0000:01:00.0: Parsing VBIOS init table 3 at offset 0xAB25
Feb  1 13:37:39 winbox kernel: [   12.785694] [drm] nouveau 0000:01:00.0: Parsing VBIOS init table 4 at offset 0xABA9
Feb  1 13:37:39 winbox kernel: [   12.785697] [drm] nouveau 0000:01:00.0: Parsing VBIOS init table at offset 0xAC0E
Feb  1 13:37:39 winbox kernel: [   12.789454] [TTM] Zone  kernel: Available graphics memory: 417736 kiB
Feb  1 13:37:39 winbox kernel: [   12.789458] [TTM] Zone highmem: Available graphics memory: 4131068 kiB
Feb  1 13:37:39 winbox kernel: [   12.789460] [TTM] Initializing pool allocator
Feb  1 13:37:39 winbox kernel: [   12.789466] [TTM] Initializing DMA pool allocator
Feb  1 13:37:39 winbox kernel: [   12.789477] [drm] nouveau 0000:01:00.0: Detected 1024MiB VRAM (GDDR5)
Feb  1 13:37:39 winbox kernel: [   12.789484] mtrr: type mismatch for e8000000,8000000 old: write-back new: write-combining
Feb  1 13:37:39 winbox kernel: [   12.789498] [drm] nouveau 0000:01:00.0: 512 MiB GART (aperture)
Feb  1 13:37:39 winbox kernel: [   12.796064] [drm] Supports vblank timestamp caching Rev 1 (10.10.2010).
Feb  1 13:37:39 winbox kernel: [   12.796067] [drm] No driver support for vblank timestamp query.
Feb  1 13:37:39 winbox kernel: [   12.796071] [drm] nouveau 0000:01:00.0: voltage table 0x50 unknown
Feb  1 13:37:39 winbox kernel: [   13.114738] [drm] nouveau 0000:01:00.0: 3 available performance level(s)
Feb  1 13:37:39 winbox kernel: [   13.114740] [drm] nouveau 0000:01:00.0: 0: core 162MHz shader 324MHz memory 648MHz voltage 100mV
Feb  1 13:37:39 winbox kernel: [   13.114742] [drm] nouveau 0000:01:00.0: 1: core 900MHz shader 1800MHz memory 1080MHz voltage 80mV
Feb  1 13:37:39 winbox kernel: [   13.114744] [drm] nouveau 0000:01:00.0: 3: core 1350MHz shader 2700MHz memory 1080MHz voltage 40mV
Feb  1 13:37:39 winbox kernel: [   13.114745] [drm] nouveau 0000:01:00.0: c:
Feb  1 13:37:39 winbox kernel: [   13.158978] [drm] nouveau 0000:01:00.0: allocated 1280x1024 fb: 0xe0000, bo f1decc00
Feb  1 13:37:39 winbox kernel: [   13.159079] fbcon: nouveaufb (fb0) is primary device
Feb  1 13:37:39 winbox kernel: [   13.232938] Console: switching to colour frame buffer device 160x64
Feb  1 13:37:39 winbox kernel: [   13.235497] fb0: nouveaufb frame buffer device
Feb  1 13:37:39 winbox kernel: [   13.235498] drm: registered panic notifier
Feb  1 13:37:39 winbox kernel: [   13.235500] [drm] Initialized nouveau 1.0.0 20120316 for 0000:01:00.0 on minor 0
Feb  1 13:37:39 winbox kernel: [   13.235563] hda_intel: Disabling MSI
Feb  1 13:37:39 winbox kernel: [   13.235586] snd_hda_intel 0000:01:00.1: setting latency timer to 64
Feb  1 13:37:39 winbox kernel: [   13.738408] HDMI status: Codec=0 Pin=4 Presence_Detect=0 ELD_Valid=0
Feb  1 13:37:39 winbox kernel: [   13.770389] HDMI status: Codec=0 Pin=5 Presence_Detect=0 ELD_Valid=0
Feb  1 13:37:39 winbox kernel: [   13.802372] HDMI status: Codec=0 Pin=7 Presence_Detect=0 ELD_Valid=0
Feb  1 13:37:39 winbox kernel: [   13.818447] input: HDA NVidia HDMI/DP,pcm=8 as /devices/pci0000:00/0000:00:01.0/0000:01:00.1/sound/card2/input9
Feb  1 13:37:39 winbox kernel: [   13.818609] input: HDA NVidia HDMI/DP,pcm=7 as /devices/pci0000:00/0000:00:01.0/0000:01:00.1/sound/card2/input10
Feb  1 13:37:39 winbox kernel: [   13.818769] input: HDA NVidia HDMI/DP,pcm=3 as /devices/pci0000:00/0000:00:01.0/0000:01:00.1/sound/card2/input11
Feb  1 13:37:39 winbox kernel: [   14.392504] EXT4-fs (sda3): re-mounted. Opts: (null)
Feb  1 13:37:39 winbox kernel: [   14.427722] EXT4-fs (sda3): re-mounted. Opts: errors=remount-ro
Feb  1 13:37:39 winbox kernel: [   14.468459] loop: module loaded
Feb  1 13:37:39 winbox kernel: [   14.813347] EXT4-fs (sda4): mounted filesystem with ordered data mode. Opts: (null)
Feb  1 13:37:39 winbox /usr/sbin/cron[2031]: (CRON) INFO (pidfile fd = 3)
Feb  1 13:37:39 winbox /usr/sbin/cron[2032]: (CRON) STARTUP (fork ok)
Feb  1 13:37:39 winbox /usr/sbin/cron[2032]: (CRON) INFO (Running @reboot jobs)
Feb  1 13:37:39 winbox acpid: starting up with netlink and the input layer
Feb  1 13:37:39 winbox acpid: 1 rule loaded
Feb  1 13:37:39 winbox acpid: waiting for events: event logging is off
Feb  1 13:37:40 winbox dhclient: Internet Systems Consortium DHCP Client 4.2.2
Feb  1 13:37:40 winbox dhclient: Copyright 2004-2011 Internet Systems Consortium.
Feb  1 13:37:40 winbox dhclient: All rights reserved.
Feb  1 13:37:40 winbox dhclient: For info, please visit https://www.isc.org/software/dhcp/
Feb  1 13:37:40 winbox dhclient: 
Feb  1 13:37:40 winbox kernel: [   15.683897] r8169 0000:03:00.0: firmware: agent aborted loading rtl_nic/rtl8168f-1.fw (not found?)
Feb  1 13:37:40 winbox kernel: [   15.684033] r8169 0000:03:00.0: eth0: unable to load firmware patch rtl_nic/rtl8168f-1.fw (-2)
Feb  1 13:37:40 winbox kernel: [   15.694456] r8169 0000:03:00.0: eth0: link down
Feb  1 13:37:40 winbox kernel: [   15.694585] ADDRCONF(NETDEV_UP): eth0: link is not ready
Feb  1 13:37:40 winbox dhclient: Listening on LPF/eth0/50:46:5d:50:57:99
Feb  1 13:37:40 winbox dhclient: Sending on   LPF/eth0/50:46:5d:50:57:99
Feb  1 13:37:40 winbox dhclient: Sending on   Socket/fallback
Feb  1 13:37:40 winbox dhclient: DHCPDISCOVER on eth0 to 255.255.255.255 port 67 interval 5
Feb  1 13:37:45 winbox dhclient: DHCPDISCOVER on eth0 to 255.255.255.255 port 67 interval 11
Feb  1 13:37:56 winbox dhclient: DHCPDISCOVER on eth0 to 255.255.255.255 port 67 interval 8
Feb  1 13:38:04 winbox dhclient: DHCPDISCOVER on eth0 to 255.255.255.255 port 67 interval 21
Feb  1 13:38:25 winbox dhclient: DHCPDISCOVER on eth0 to 255.255.255.255 port 67 interval 14
Feb  1 13:38:39 winbox dhclient: DHCPDISCOVER on eth0 to 255.255.255.255 port 67 interval 2
Feb  1 13:38:41 winbox dhclient: No DHCPOFFERS received.
Feb  1 13:38:41 winbox dhclient: No working leases in persistent database - sleeping.
Feb  1 13:39:23 winbox kernel: [  118.803527] r8169 0000:03:00.0: eth0: link up
Feb  1 13:39:23 winbox kernel: [  118.803635] ADDRCONF(NETDEV_CHANGE): eth0: link becomes ready
Feb  1 13:39:33 winbox kernel: [  129.323392] eth0: no IPv6 routers present
Feb  1 13:40:18 winbox dhclient: Internet Systems Consortium DHCP Client 4.2.2
Feb  1 13:40:18 winbox dhclient: Copyright 2004-2011 Internet Systems Consortium.
Feb  1 13:40:18 winbox dhclient: All rights reserved.
Feb  1 13:40:18 winbox dhclient: For info, please visit https://www.isc.org/software/dhcp/
Feb  1 13:40:18 winbox dhclient: 
Feb  1 13:40:18 winbox dhclient: Listening on LPF/eth0/50:46:5d:50:57:99
Feb  1 13:40:18 winbox dhclient: Sending on   LPF/eth0/50:46:5d:50:57:99
Feb  1 13:40:18 winbox dhclient: Sending on   Socket/fallback
Feb  1 13:40:20 winbox dhclient: Internet Systems Consortium DHCP Client 4.2.2
Feb  1 13:40:20 winbox dhclient: Copyright 2004-2011 Internet Systems Consortium.
Feb  1 13:40:20 winbox dhclient: All rights reserved.
Feb  1 13:40:20 winbox dhclient: For info, please visit https://www.isc.org/software/dhcp/
Feb  1 13:40:20 winbox dhclient: 
Feb  1 13:40:20 winbox kernel: [  175.921586] r8169 0000:03:00.0: eth0: link down
Feb  1 13:40:20 winbox kernel: [  175.921595] r8169 0000:03:00.0: eth0: link down
Feb  1 13:40:20 winbox kernel: [  175.921731] ADDRCONF(NETDEV_UP): eth0: link is not ready
Feb  1 13:40:20 winbox dhclient: Listening on LPF/eth0/50:46:5d:50:57:99
Feb  1 13:40:20 winbox dhclient: Sending on   LPF/eth0/50:46:5d:50:57:99
Feb  1 13:40:20 winbox dhclient: Sending on   Socket/fallback
Feb  1 13:40:20 winbox dhclient: DHCPDISCOVER on eth0 to 255.255.255.255 port 67 interval 3
Feb  1 13:40:23 winbox kernel: [  178.821517] r8169 0000:03:00.0: eth0: link up
Feb  1 13:40:23 winbox kernel: [  178.821622] ADDRCONF(NETDEV_CHANGE): eth0: link becomes ready
Feb  1 13:40:23 winbox dhclient: DHCPDISCOVER on eth0 to 255.255.255.255 port 67 interval 6
Feb  1 13:40:23 winbox dhclient: DHCPREQUEST on eth0 to 255.255.255.255 port 67
Feb  1 13:40:23 winbox dhclient: DHCPOFFER from 192.168.1.1
Feb  1 13:40:23 winbox dhclient: DHCPACK from 192.168.1.1
Feb  1 13:40:23 winbox dhclient: bound to 192.168.1.177 -- renewal in 36386 seconds.
Feb  1 13:40:33 winbox kernel: [  188.928847] eth0: no IPv6 routers present
Feb  1 13:43:10 winbox acpid: exiting
Feb  1 13:45:12 winbox kernel: [  467.975804] device-mapper: uevent: version 1.0.3
Feb  1 13:45:12 winbox kernel: [  467.976023] device-mapper: ioctl: 4.22.0-ioctl (2011-10-19) initialised: dm-devel@redhat.com
Feb  1 13:45:14 winbox kernel: [  470.104180] EFI Variables Facility v0.08 2004-May-17
Feb  1 13:45:14 winbox kernel: [  470.150782] SGI XFS with ACLs, security attributes, realtime, large block/inode numbers, no debug enabled
Feb  1 13:45:14 winbox kernel: [  470.150982] SGI XFS Quota Management subsystem
Feb  1 13:45:14 winbox kernel: [  470.154213] JFS: nTxBlock = 8192, nTxLock = 65536
Feb  1 13:45:14 winbox kernel: [  470.163102] NTFS driver 2.1.30 [Flags: R/W MODULE].
Feb  1 13:45:14 winbox kernel: [  470.170987] QNX4 filesystem 0.2.3 registered.
Feb  1 13:45:14 winbox kernel: [  470.187319] Btrfs loaded
Feb  1 13:45:14 winbox kernel: [  470.190492] fuse init (API version 7.17)
Feb  1 13:45:14 winbox os-prober: debug: running /usr/lib/os-probes/50mounted-tests on /dev/sda1
Feb  1 13:45:15 winbox 50mounted-tests: debug: mounted using GRUB ntfs filesystem driver
Feb  1 13:45:15 winbox 50mounted-tests: debug: running subtest /usr/lib/os-probes/mounted/05efi
Feb  1 13:45:15 winbox 05efi: debug: Not on UEFI platform
Feb  1 13:45:15 winbox 50mounted-tests: debug: running subtest /usr/lib/os-probes/mounted/10freedos
Feb  1 13:45:15 winbox 10freedos: debug: /dev/sda1 is not a FAT partition: exiting
Feb  1 13:45:15 winbox 50mounted-tests: debug: running subtest /usr/lib/os-probes/mounted/10qnx
Feb  1 13:45:15 winbox 10qnx: debug: /dev/sda1 is not a QNX4 partition: exiting
Feb  1 13:45:15 winbox 50mounted-tests: debug: running subtest /usr/lib/os-probes/mounted/20macosx
Feb  1 13:45:15 winbox macosx-prober: debug: /dev/sda1 is not an HFS+ partition: exiting
Feb  1 13:45:15 winbox 50mounted-tests: debug: running subtest /usr/lib/os-probes/mounted/20microsoft
Feb  1 13:45:15 winbox 20microsoft: debug: /dev/sda1 is a NTFS partition
Feb  1 13:45:15 winbox 20microsoft: result: /dev/sda1:Windows 7 (loader):Windows:chain
Feb  1 13:45:15 winbox 50mounted-tests: debug: os found by subtest /usr/lib/os-probes/mounted/20microsoft
Feb  1 13:45:15 winbox os-prober: debug: os detected by /usr/lib/os-probes/50mounted-tests
Feb  1 13:45:15 winbox os-prober: debug: running /usr/lib/os-probes/50mounted-tests on /dev/sda2
Feb  1 13:45:15 winbox 50mounted-tests: debug: mounted using GRUB ntfs filesystem driver
Feb  1 13:45:15 winbox 50mounted-tests: debug: running subtest /usr/lib/os-probes/mounted/05efi
Feb  1 13:45:15 winbox 05efi: debug: Not on UEFI platform
Feb  1 13:45:15 winbox 50mounted-tests: debug: running subtest /usr/lib/os-probes/mounted/10freedos
Feb  1 13:45:15 winbox 10freedos: debug: /dev/sda2 is not a FAT partition: exiting
Feb  1 13:45:15 winbox 50mounted-tests: debug: running subtest /usr/lib/os-probes/mounted/10qnx
Feb  1 13:45:15 winbox 10qnx: debug: /dev/sda2 is not a QNX4 partition: exiting
Feb  1 13:45:15 winbox 50mounted-tests: debug: running subtest /usr/lib/os-probes/mounted/20macosx
Feb  1 13:45:15 winbox macosx-prober: debug: /dev/sda2 is not an HFS+ partition: exiting
Feb  1 13:45:15 winbox 50mounted-tests: debug: running subtest /usr/lib/os-probes/mounted/20microsoft
Feb  1 13:45:15 winbox 20microsoft: debug: /dev/sda2 is a NTFS partition
Feb  1 13:45:15 winbox 50mounted-tests: debug: running subtest /usr/lib/os-probes/mounted/30utility
Feb  1 13:45:15 winbox 30utility: debug: /dev/sda2 is not a FAT partition: exiting
Feb  1 13:45:15 winbox 50mounted-tests: debug: running subtest /usr/lib/os-probes/mounted/40lsb
Feb  1 13:45:15 winbox 50mounted-tests: debug: running subtest /usr/lib/os-probes/mounted/70hurd
Feb  1 13:45:15 winbox 50mounted-tests: debug: running subtest /usr/lib/os-probes/mounted/80minix
Feb  1 13:45:15 winbox 50mounted-tests: debug: running subtest /usr/lib/os-probes/mounted/83haiku
Feb  1 13:45:15 winbox 83haiku: debug: /dev/sda2 is not a BeFS partition: exiting
Feb  1 13:45:15 winbox 50mounted-tests: debug: running subtest /usr/lib/os-probes/mounted/90linux-distro
Feb  1 13:45:15 winbox 50mounted-tests: debug: running subtest /usr/lib/os-probes/mounted/90solaris
Feb  1 13:45:15 winbox 50mounted-tests: debug: running subtest /usr/lib/os-probes/mounted/efi
Feb  1 13:45:15 winbox os-prober: debug: running /usr/lib/os-probes/mounted/05efi on mounted /dev/sda4
Feb  1 13:45:15 winbox 05efi: debug: Not on UEFI platform
Feb  1 13:45:15 winbox os-prober: debug: running /usr/lib/os-probes/mounted/10freedos on mounted /dev/sda4
Feb  1 13:45:15 winbox 10freedos: debug: /dev/sda4 is not a FAT partition: exiting
Feb  1 13:45:15 winbox os-prober: debug: running /usr/lib/os-probes/mounted/10qnx on mounted /dev/sda4
Feb  1 13:45:15 winbox 10qnx: debug: /dev/sda4 is not a QNX4 partition: exiting
Feb  1 13:45:15 winbox os-prober: debug: running /usr/lib/os-probes/mounted/20macosx on mounted /dev/sda4
Feb  1 13:45:15 winbox macosx-prober: debug: /dev/sda4 is not an HFS+ partition: exiting
Feb  1 13:45:15 winbox os-prober: debug: running /usr/lib/os-probes/mounted/20microsoft on mounted /dev/sda4
Feb  1 13:45:15 winbox 20microsoft: debug: /dev/sda4 is not a MS partition: exiting
Feb  1 13:45:15 winbox os-prober: debug: running /usr/lib/os-probes/mounted/30utility on mounted /dev/sda4
Feb  1 13:45:15 winbox 30utility: debug: /dev/sda4 is not a FAT partition: exiting
Feb  1 13:45:15 winbox os-prober: debug: running /usr/lib/os-probes/mounted/40lsb on mounted /dev/sda4
Feb  1 13:45:15 winbox os-prober: debug: running /usr/lib/os-probes/mounted/70hurd on mounted /dev/sda4
Feb  1 13:45:15 winbox os-prober: debug: running /usr/lib/os-probes/mounted/80minix on mounted /dev/sda4
Feb  1 13:45:15 winbox os-prober: debug: running /usr/lib/os-probes/mounted/83haiku on mounted /dev/sda4
Feb  1 13:45:15 winbox 83haiku: debug: /dev/sda4 is not a BeFS partition: exiting
Feb  1 13:45:15 winbox os-prober: debug: running /usr/lib/os-probes/mounted/90linux-distro on mounted /dev/sda4
Feb  1 13:45:15 winbox os-prober: debug: running /usr/lib/os-probes/mounted/90solaris on mounted /dev/sda4
Feb  1 13:45:15 winbox os-prober: debug: running /usr/lib/os-probes/50mounted-tests on /dev/sdb1
Feb  1 13:45:19 winbox shutdown[4184]: shutting down for system reboot
Feb  1 13:45:19 winbox init: Switching to runlevel: 6
Feb  1 13:45:51 winbox kernel: imklog 5.8.11, log source = /proc/kmsg started.
Feb  1 13:45:51 winbox rsyslogd: [origin software="rsyslogd" swVersion="5.8.11" x-pid="1987" x-info="http://www.rsyslog.com"] start
Feb  1 13:45:51 winbox kernel: [    0.000000] Initializing cgroup subsys cpuset
Feb  1 13:45:51 winbox kernel: [    0.000000] Initializing cgroup subsys cpu
Feb  1 13:45:51 winbox kernel: [    0.000000] Linux version 3.2.0-4-686-pae (debian-kernel@lists.debian.org) (gcc version 4.6.3 (Debian 4.6.3-14) ) #1 SMP Debian 3.2.51-1
Feb  1 13:45:51 winbox kernel: [    0.000000] BIOS-provided physical RAM map:
Feb  1 13:45:51 winbox kernel: [    0.000000]  BIOS-e820: 0000000000000000 - 000000000009d800 (usable)
Feb  1 13:45:51 winbox kernel: [    0.000000]  BIOS-e820: 000000000009d800 - 00000000000a0000 (reserved)
Feb  1 13:45:51 winbox kernel: [    0.000000]  BIOS-e820: 00000000000e0000 - 0000000000100000 (reserved)
Feb  1 13:45:51 winbox kernel: [    0.000000]  BIOS-e820: 0000000000100000 - 00000000dda70000 (usable)
Feb  1 13:45:51 winbox kernel: [    0.000000]  BIOS-e820: 00000000dda70000 - 00000000de17b000 (reserved)
Feb  1 13:45:51 winbox kernel: [    0.000000]  BIOS-e820: 00000000de17b000 - 00000000de18b000 (ACPI data)
Feb  1 13:45:51 winbox kernel: [    0.000000]  BIOS-e820: 00000000de18b000 - 00000000de2ab000 (ACPI NVS)
Feb  1 13:45:51 winbox kernel: [    0.000000]  BIOS-e820: 00000000de2ab000 - 00000000de847000 (reserved)
Feb  1 13:45:51 winbox kernel: [    0.000000]  BIOS-e820: 00000000de847000 - 00000000de848000 (usable)
Feb  1 13:45:51 winbox kernel: [    0.000000]  BIOS-e820: 00000000de848000 - 00000000de88b000 (ACPI NVS)
Feb  1 13:45:51 winbox kernel: [    0.000000]  BIOS-e820: 00000000de88b000 - 00000000deca6000 (usable)
Feb  1 13:45:51 winbox kernel: [    0.000000]  BIOS-e820: 00000000deca6000 - 00000000deff4000 (reserved)
Feb  1 13:45:51 winbox kernel: [    0.000000]  BIOS-e820: 00000000deff4000 - 00000000df000000 (usable)
Feb  1 13:45:51 winbox kernel: [    0.000000]  BIOS-e820: 00000000f8000000 - 00000000fc000000 (reserved)
Feb  1 13:45:51 winbox kernel: [    0.000000]  BIOS-e820: 00000000fec00000 - 00000000fec01000 (reserved)
Feb  1 13:45:51 winbox kernel: [    0.000000]  BIOS-e820: 00000000fed00000 - 00000000fed04000 (reserved)
Feb  1 13:45:51 winbox kernel: [    0.000000]  BIOS-e820: 00000000fed1c000 - 00000000fed20000 (reserved)
Feb  1 13:45:51 winbox kernel: [    0.000000]  BIOS-e820: 00000000fee00000 - 00000000fee01000 (reserved)
Feb  1 13:45:51 winbox kernel: [    0.000000]  BIOS-e820: 00000000ff000000 - 0000000100000000 (reserved)
Feb  1 13:45:51 winbox kernel: [    0.000000]  BIOS-e820: 0000000100000000 - 000000021f000000 (usable)
Feb  1 13:45:51 winbox kernel: [    0.000000] NX (Execute Disable) protection: active
Feb  1 13:45:51 winbox kernel: [    0.000000] SMBIOS 2.7 present.
Feb  1 13:45:51 winbox kernel: [    0.000000] DMI: System manufacturer System Product Name/P8H77-I, BIOS 0809 08/01/2012
Feb  1 13:45:51 winbox kernel: [    0.000000] e820 update range: 0000000000000000 - 0000000000010000 (usable) ==> (reserved)
Feb  1 13:45:51 winbox kernel: [    0.000000] e820 remove range: 00000000000a0000 - 0000000000100000 (usable)
Feb  1 13:45:51 winbox kernel: [    0.000000] last_pfn = 0x21f000 max_arch_pfn = 0x1000000
Feb  1 13:45:51 winbox kernel: [    0.000000] MTRR default type: uncachable
Feb  1 13:45:51 winbox kernel: [    0.000000] MTRR fixed ranges enabled:
Feb  1 13:45:51 winbox kernel: [    0.000000]   00000-9FFFF write-back
Feb  1 13:45:51 winbox kernel: [    0.000000]   A0000-BFFFF uncachable
Feb  1 13:45:51 winbox kernel: [    0.000000]   C0000-CFFFF write-protect
Feb  1 13:45:51 winbox kernel: [    0.000000]   D0000-E7FFF uncachable
Feb  1 13:45:51 winbox kernel: [    0.000000]   E8000-FFFFF write-protect
Feb  1 13:45:51 winbox kernel: [    0.000000] MTRR variable ranges enabled:
Feb  1 13:45:51 winbox kernel: [    0.000000]   0 base 000000000 mask E00000000 write-back
Feb  1 13:45:51 winbox kernel: [    0.000000]   1 base 200000000 mask FF0000000 write-back
Feb  1 13:45:51 winbox kernel: [    0.000000]   2 base 210000000 mask FF8000000 write-back
Feb  1 13:45:51 winbox kernel: [    0.000000]   3 base 218000000 mask FFC000000 write-back
Feb  1 13:45:51 winbox kernel: [    0.000000]   4 base 21C000000 mask FFE000000 write-back
Feb  1 13:45:51 winbox kernel: [    0.000000]   5 base 21E000000 mask FFF000000 write-back
Feb  1 13:45:51 winbox kernel: [    0.000000]   6 base 0E0000000 mask FE0000000 uncachable
Feb  1 13:45:51 winbox kernel: [    0.000000]   7 disabled
Feb  1 13:45:51 winbox kernel: [    0.000000]   8 disabled
Feb  1 13:45:51 winbox kernel: [    0.000000]   9 disabled
Feb  1 13:45:51 winbox kernel: [    0.000000] x86 PAT enabled: cpu 0, old 0x7040600070406, new 0x7010600070106
Feb  1 13:45:51 winbox kernel: [    0.000000] e820 update range: 00000000e0000000 - 0000000100000000 (usable) ==> (reserved)
Feb  1 13:45:51 winbox kernel: [    0.000000] found SMP MP-table at [c00fd740] fd740
Feb  1 13:45:51 winbox kernel: [    0.000000] initial memory mapped : 0 - 01a00000
Feb  1 13:45:51 winbox kernel: [    0.000000] Base memory trampoline at [c0099000] 99000 size 16384
Feb  1 13:45:51 winbox kernel: [    0.000000] init_memory_mapping: 0000000000000000-00000000379fe000
Feb  1 13:45:51 winbox kernel: [    0.000000]  0000000000 - 0000200000 page 4k
Feb  1 13:45:51 winbox kernel: [    0.000000]  0000200000 - 0037800000 page 2M
Feb  1 13:45:51 winbox kernel: [    0.000000]  0037800000 - 00379fe000 page 4k
Feb  1 13:45:51 winbox kernel: [    0.000000] kernel direct mapping tables up to 379fe000 @ 19f9000-1a00000
Feb  1 13:45:51 winbox kernel: [    0.000000] RAMDISK: 36d18000 - 37684000
Feb  1 13:45:51 winbox kernel: [    0.000000] ACPI: RSDP 000f0490 00024 (v02 ALASKA)
Feb  1 13:45:51 winbox kernel: [    0.000000] ACPI: XSDT de17f078 0006C (v01 ALASKA    A M I 01072009 AMI  00010013)
Feb  1 13:45:51 winbox kernel: [    0.000000] ACPI: FACP de189470 0010C (v05 ALASKA    A M I 01072009 AMI  00010013)
Feb  1 13:45:51 winbox kernel: [    0.000000] ACPI Warning: FADT (revision 5) is longer than ACPI 2.0 version, truncating length 268 to 244 (20110623/tbfadt-288)
Feb  1 13:45:51 winbox kernel: [    0.000000] ACPI: DSDT de17f180 0A2F0 (v02 ALASKA    A M I 00000021 INTL 20051117)
Feb  1 13:45:51 winbox kernel: [    0.000000] ACPI: FACS de2a9080 00040
Feb  1 13:45:51 winbox kernel: [    0.000000] ACPI: APIC de189580 00072 (v03 ALASKA    A M I 01072009 AMI  00010013)
Feb  1 13:45:51 winbox kernel: [    0.000000] ACPI: FPDT de1895f8 00044 (v01 ALASKA    A M I 01072009 AMI  00010013)
Feb  1 13:45:51 winbox kernel: [    0.000000] ACPI: MCFG de189640 0003C (v01 ALASKA    A M I 01072009 MSFT 00000097)
Feb  1 13:45:51 winbox kernel: [    0.000000] ACPI: HPET de189680 00038 (v01 ALASKA    A M I 01072009 AMI. 00000005)
Feb  1 13:45:51 winbox kernel: [    0.000000] ACPI: SSDT de1896b8 0036D (v01 SataRe SataTabl 00001000 INTL 20091112)
Feb  1 13:45:51 winbox kernel: [    0.000000] ACPI: SSDT de189a28 009AA (v01  PmRef  Cpu0Ist 00003000 INTL 20051117)
Feb  1 13:45:51 winbox kernel: [    0.000000] ACPI: SSDT de18a3d8 00A92 (v01  PmRef    CpuPm 00003000 INTL 20051117)
Feb  1 13:45:51 winbox kernel: [    0.000000] ACPI: BGRT de18aec8 00038 (v00 ALASKA    A M I 01072009 AMI  00010013)
Feb  1 13:45:51 winbox kernel: [    0.000000] ACPI: Local APIC address 0xfee00000
Feb  1 13:45:51 winbox kernel: [    0.000000] 7798MB HIGHMEM available.
Feb  1 13:45:51 winbox kernel: [    0.000000] 889MB LOWMEM available.
Feb  1 13:45:51 winbox kernel: [    0.000000]   mapped low ram: 0 - 379fe000
Feb  1 13:45:51 winbox kernel: [    0.000000]   low ram: 0 - 379fe000
Feb  1 13:45:51 winbox kernel: [    0.000000] Zone PFN ranges:
Feb  1 13:45:51 winbox kernel: [    0.000000]   DMA      0x00000010 -> 0x00001000
Feb  1 13:45:51 winbox kernel: [    0.000000]   Normal   0x00001000 -> 0x000379fe
Feb  1 13:45:51 winbox kernel: [    0.000000]   HighMem  0x000379fe -> 0x0021f000
Feb  1 13:45:51 winbox kernel: [    0.000000] Movable zone start PFN for each node
Feb  1 13:45:51 winbox kernel: [    0.000000] early_node_map[6] active PFN ranges
Feb  1 13:45:51 winbox kernel: [    0.000000]     0: 0x00000010 -> 0x0000009d
Feb  1 13:45:51 winbox kernel: [    0.000000]     0: 0x00000100 -> 0x000dda70
Feb  1 13:45:51 winbox kernel: [    0.000000]     0: 0x000de847 -> 0x000de848
Feb  1 13:45:51 winbox kernel: [    0.000000]     0: 0x000de88b -> 0x000deca6
Feb  1 13:45:51 winbox kernel: [    0.000000]     0: 0x000deff4 -> 0x000df000
Feb  1 13:45:51 winbox kernel: [    0.000000]     0: 0x00100000 -> 0x0021f000
Feb  1 13:45:51 winbox kernel: [    0.000000] On node 0 totalpages: 2084389
Feb  1 13:45:51 winbox kernel: [    0.000000] free_area_init_node: node 0, pgdat c1412740, node_mem_map f2938200
Feb  1 13:45:51 winbox kernel: [    0.000000]   DMA zone: 32 pages used for memmap
Feb  1 13:45:51 winbox kernel: [    0.000000]   DMA zone: 0 pages reserved
Feb  1 13:45:51 winbox kernel: [    0.000000]   DMA zone: 3949 pages, LIFO batch:0
Feb  1 13:45:51 winbox kernel: [    0.000000]   Normal zone: 1748 pages used for memmap
Feb  1 13:45:51 winbox kernel: [    0.000000]   Normal zone: 221994 pages, LIFO batch:31
Feb  1 13:45:51 winbox kernel: [    0.000000]   HighMem zone: 15597 pages used for memmap
Feb  1 13:45:51 winbox kernel: [    0.000000]   HighMem zone: 1841069 pages, LIFO batch:31
Feb  1 13:45:51 winbox kernel: [    0.000000] Using APIC driver default
Feb  1 13:45:51 winbox kernel: [    0.000000] ACPI: PM-Timer IO Port: 0x408
Feb  1 13:45:51 winbox kernel: [    0.000000] ACPI: Local APIC address 0xfee00000
Feb  1 13:45:51 winbox kernel: [    0.000000] ACPI: LAPIC (acpi_id[0x01] lapic_id[0x00] enabled)
Feb  1 13:45:51 winbox kernel: [    0.000000] ACPI: LAPIC (acpi_id[0x02] lapic_id[0x02] enabled)
Feb  1 13:45:51 winbox kernel: [    0.000000] ACPI: LAPIC (acpi_id[0x03] lapic_id[0x04] enabled)
Feb  1 13:45:51 winbox kernel: [    0.000000] ACPI: LAPIC (acpi_id[0x04] lapic_id[0x06] enabled)
Feb  1 13:45:51 winbox kernel: [    0.000000] ACPI: LAPIC_NMI (acpi_id[0xff] high edge lint[0x1])
Feb  1 13:45:51 winbox kernel: [    0.000000] ACPI: IOAPIC (id[0x02] address[0xfec00000] gsi_base[0])
Feb  1 13:45:51 winbox kernel: [    0.000000] IOAPIC[0]: apic_id 2, version 32, address 0xfec00000, GSI 0-23
Feb  1 13:45:51 winbox kernel: [    0.000000] ACPI: INT_SRC_OVR (bus 0 bus_irq 0 global_irq 2 dfl dfl)
Feb  1 13:45:51 winbox kernel: [    0.000000] ACPI: INT_SRC_OVR (bus 0 bus_irq 9 global_irq 9 high level)
Feb  1 13:45:51 winbox kernel: [    0.000000] ACPI: IRQ0 used by override.
Feb  1 13:45:51 winbox kernel: [    0.000000] ACPI: IRQ2 used by override.
Feb  1 13:45:51 winbox kernel: [    0.000000] ACPI: IRQ9 used by override.
Feb  1 13:45:51 winbox kernel: [    0.000000] Using ACPI (MADT) for SMP configuration information
Feb  1 13:45:51 winbox kernel: [    0.000000] ACPI: HPET id: 0x8086a701 base: 0xfed00000
Feb  1 13:45:51 winbox kernel: [    0.000000] SMP: Allowing 4 CPUs, 0 hotplug CPUs
Feb  1 13:45:51 winbox kernel: [    0.000000] nr_irqs_gsi: 40
Feb  1 13:45:51 winbox kernel: [    0.000000] PM: Registered nosave memory: 000000000009d000 - 000000000009e000
Feb  1 13:45:51 winbox kernel: [    0.000000] PM: Registered nosave memory: 000000000009e000 - 00000000000a0000
Feb  1 13:45:51 winbox kernel: [    0.000000] PM: Registered nosave memory: 00000000000a0000 - 00000000000e0000
Feb  1 13:45:51 winbox kernel: [    0.000000] PM: Registered nosave memory: 00000000000e0000 - 0000000000100000
Feb  1 13:45:51 winbox kernel: [    0.000000] Allocating PCI resources starting at df000000 (gap: df000000:19000000)
Feb  1 13:45:51 winbox kernel: [    0.000000] Booting paravirtualized kernel on bare hardware
Feb  1 13:45:51 winbox kernel: [    0.000000] setup_percpu: NR_CPUS:32 nr_cpumask_bits:32 nr_cpu_ids:4 nr_node_ids:1
Feb  1 13:45:51 winbox kernel: [    0.000000] PERCPU: Embedded 14 pages/cpu @f79b2000 s33280 r0 d24064 u57344
Feb  1 13:45:51 winbox kernel: [    0.000000] pcpu-alloc: s33280 r0 d24064 u57344 alloc=14*4096
Feb  1 13:45:51 winbox kernel: [    0.000000] pcpu-alloc: [0] 0 [0] 1 [0] 2 [0] 3 
Feb  1 13:45:51 winbox kernel: [    0.000000] Built 1 zonelists in Zone order, mobility grouping on.  Total pages: 2067012
Feb  1 13:45:51 winbox kernel: [    0.000000] Kernel command line: BOOT_IMAGE=/boot/vmlinuz-3.2.0-4-686-pae root=UUID=e737dd9f-88c0-4545-906d-9def2a3637be ro quiet
Feb  1 13:45:51 winbox kernel: [    0.000000] PID hash table entries: 4096 (order: 2, 16384 bytes)
Feb  1 13:45:51 winbox kernel: [    0.000000] Dentry cache hash table entries: 131072 (order: 7, 524288 bytes)
Feb  1 13:45:51 winbox kernel: [    0.000000] Inode-cache hash table entries: 65536 (order: 6, 262144 bytes)
Feb  1 13:45:51 winbox kernel: [    0.000000] Initializing CPU#0
Feb  1 13:45:51 winbox kernel: [    0.000000] xsave/xrstor: enabled xstate_bv 0x7, cntxt size 0x340
